To honour the JVM settings for this build a single-use Daemon process will be forked. For more on this, please refer to https://docs.gradle.org/8.13/userguide/gradle_daemon.html#sec:disabling_the_daemon in the Gradle documentation.
Daemon will be stopped at the end of the build
> Task :accessibilityBase:checkKotlinGradlePluginConfigurationErrors SKIPPED
> Task :accessibilityBase:preBuild UP-TO-DATE
> Task :accessibilityBase:preDebugBuild UP-TO-DATE
> Task :accessibilityBase:generateDebugResValues UP-TO-DATE
> Task :accessibilityBase:generateDebugResources UP-TO-DATE
> Task :accessibilityBase:packageDebugResources UP-TO-DATE
> Task :accessibilityBase:parseDebugLocalResources UP-TO-DATE
> Task :accessibilityBase:generateDebugRFile UP-TO-DATE
> Task :accessibilityBase:compileDebugKotlin UP-TO-DATE
> Task :accessibilityBase:javaPreCompileDebug UP-TO-DATE
> Task :accessibilityBase:compileDebugJavaWithJavac NO-SOURCE
> Task :accessibilityBase:bundleLibRuntimeToJarDebug UP-TO-DATE
> Task :accessibilityBase:processDebugJavaRes UP-TO-DATE
> Task :accessibilityBase:bundleLibCompileToJarDebug UP-TO-DATE
> Task :accessibilityCore:checkKotlinGradlePluginConfigurationErrors SKIPPED
> Task :accessibilityCore:preBuild UP-TO-DATE
> Task :accessibilityCore:preDebugBuild UP-TO-DATE
> Task :accessibilityCore:generateDebugResValues UP-TO-DATE
> Task :accessibilityCore:generateDebugResources UP-TO-DATE
> Task :accessibilityCore:packageDebugResources UP-TO-DATE
> Task :accessibilityCore:parseDebugLocalResources UP-TO-DATE
> Task :accessibilityCore:generateDebugRFile UP-TO-DATE
> Task :accessibilityCore:compileDebugKotlin UP-TO-DATE
> Task :accessibilityCore:javaPreCompileDebug UP-TO-DATE
> Task :accessibilityCore:compileDebugJavaWithJavac NO-SOURCE
> Task :accessibilityCore:bundleLibRuntimeToJarDebug UP-TO-DATE
> Task :accessibilityCore:processDebugJavaRes UP-TO-DATE
> Task :accessibilityCore:bundleLibCompileToJarDebug UP-TO-DATE
> Task :autoclick:checkKotlinGradlePluginConfigurationErrors SKIPPED
> Task :autoclick:preBuild UP-TO-DATE
> Task :autoclick:preDebugBuild UP-TO-DATE
> Task :autoclick:dataBindingMergeDependencyArtifactsDebug UP-TO-DATE
> Task :autoclick:generateDebugResValues UP-TO-DATE
> Task :autoclick:generateDebugResources UP-TO-DATE
> Task :autoclick:mergeDebugResources UP-TO-DATE
> Task :autoclick:packageDebugResources UP-TO-DATE
> Task :autoclick:parseDebugLocalResources UP-TO-DATE
> Task :autoclick:dataBindingGenBaseClassesDebug UP-TO-DATE
> Task :autoclick:dataBindingTriggerDebug UP-TO-DATE
> Task :autoclick:generateDebugBuildConfig UP-TO-DATE
> Task :accessibilityBase:compileDebugLibraryResources UP-TO-DATE
> Task :accessibilityCore:compileDebugLibraryResources UP-TO-DATE
> Task :accessibilityBase:writeDebugAarMetadata UP-TO-DATE
> Task :accessibilityCore:writeDebugAarMetadata UP-TO-DATE
> Task :autoclick:checkDebugAarMetadata UP-TO-DATE
> Task :autoclick:mapDebugSourceSetPaths UP-TO-DATE
> Task :autoclick:createDebugCompatibleScreenManifests UP-TO-DATE
> Task :accessibilityBase:extractDeepLinksDebug UP-TO-DATE
> Task :accessibilityBase:processDebugManifest UP-TO-DATE
> Task :accessibilityCore:extractDeepLinksDebug UP-TO-DATE
> Task :accessibilityCore:processDebugManifest UP-TO-DATE
> Task :autoclick:extractDeepLinksDebug UP-TO-DATE
> Task :autoclick:processDebugMainManifest UP-TO-DATE
> Task :autoclick:processDebugManifest UP-TO-DATE
> Task :autoclick:processDebugManifestForPackage UP-TO-DATE
> Task :autoclick:processDebugResources UP-TO-DATE
> Task :autoclick:javaPreCompileDebug UP-TO-DATE
> Task :autoclick:preDebugUnitTestBuild UP-TO-DATE
> Task :autoclick:javaPreCompileDebugUnitTest UP-TO-DATE
> Task :accessibilityCore:preDebugUnitTestBuild UP-TO-DATE
> Task :accessibilityCore:generateDebugUnitTestStubRFile UP-TO-DATE
> Task :accessibilityCore:compileDebugUnitTestKotlin UP-TO-DATE
> Task :accessibilityCore:javaPreCompileDebugUnitTest UP-TO-DATE
> Task :accessibilityCore:compileDebugUnitTestJavaWithJavac NO-SOURCE
> Task :accessibilityCore:processDebugUnitTestJavaRes UP-TO-DATE
> Task :accessibilityCore:testDebugUnitTest UP-TO-DATE
> Task :autoclick:mergeDebugNativeDebugMetadata NO-SOURCE
> Task :accessibilityBase:mergeDebugShaders UP-TO-DATE
> Task :accessibilityBase:compileDebugShaders NO-SOURCE
> Task :accessibilityBase:generateDebugAssets UP-TO-DATE
> Task :accessibilityBase:mergeDebugAssets UP-TO-DATE
> Task :accessibilityCore:mergeDebugShaders UP-TO-DATE
> Task :accessibilityCore:compileDebugShaders NO-SOURCE
> Task :accessibilityCore:generateDebugAssets UP-TO-DATE
> Task :accessibilityCore:mergeDebugAssets UP-TO-DATE
> Task :autoclick:mergeDebugShaders UP-TO-DATE
> Task :autoclick:compileDebugShaders NO-SOURCE
> Task :autoclick:generateDebugAssets UP-TO-DATE
> Task :autoclick:mergeDebugAssets UP-TO-DATE
> Task :autoclick:compressDebugAssets UP-TO-DATE
> Task :autoclick:checkDebugDuplicateClasses UP-TO-DATE
> Task :autoclick:desugarDebugFileDependencies UP-TO-DATE
> Task :autoclick:mergeExtDexDebug UP-TO-DATE
> Task :accessibilityCore:bundleLibRuntimeToDirDebug UP-TO-DATE
> Task :accessibilityBase:bundleLibRuntimeToDirDebug UP-TO-DATE
> Task :autoclick:mergeLibDexDebug UP-TO-DATE
> Task :accessibilityBase:mergeDebugJniLibFolders UP-TO-DATE
> Task :accessibilityBase:mergeDebugNativeLibs NO-SOURCE
> Task :accessibilityBase:copyDebugJniLibsProjectOnly UP-TO-DATE
> Task :accessibilityCore:mergeDebugJniLibFolders UP-TO-DATE
> Task :accessibilityCore:mergeDebugNativeLibs NO-SOURCE
> Task :accessibilityCore:copyDebugJniLibsProjectOnly UP-TO-DATE
> Task :autoclick:mergeDebugJniLibFolders UP-TO-DATE
> Task :autoclick:mergeDebugNativeLibs UP-TO-DATE
> Task :autoclick:stripDebugDebugSymbols UP-TO-DATE
> Task :autoclick:validateSigningDebug UP-TO-DATE
> Task :autoclick:writeDebugAppMetadata UP-TO-DATE
> Task :autoclick:writeDebugSigningConfigVersions UP-TO-DATE
> Task :autoclick:preDebugAndroidTestBuild SKIPPED
> Task :autoclick:processDebugAndroidTestManifest UP-TO-DATE
> Task :autoclick:generateDebugAndroidTestBuildConfig UP-TO-DATE
> Task :autoclick:checkDebugAndroidTestAarMetadata UP-TO-DATE
> Task :autoclick:generateDebugAndroidTestResValues UP-TO-DATE
> Task :autoclick:mapDebugAndroidTestSourceSetPaths UP-TO-DATE
> Task :autoclick:generateDebugAndroidTestResources UP-TO-DATE
> Task :autoclick:mergeDebugAndroidTestResources UP-TO-DATE
> Task :autoclick:processDebugAndroidTestResources UP-TO-DATE
> Task :autoclick:javaPreCompileDebugAndroidTest UP-TO-DATE
> Task :autoclick:mergeDebugAndroidTestShaders UP-TO-DATE
> Task :autoclick:compileDebugAndroidTestShaders NO-SOURCE
> Task :autoclick:generateDebugAndroidTestAssets UP-TO-DATE
> Task :autoclick:mergeDebugAndroidTestAssets UP-TO-DATE
> Task :autoclick:compressDebugAndroidTestAssets UP-TO-DATE
> Task :autoclick:checkDebugAndroidTestDuplicateClasses UP-TO-DATE
> Task :autoclick:desugarDebugAndroidTestFileDependencies UP-TO-DATE
> Task :autoclick:mergeExtDexDebugAndroidTest UP-TO-DATE
> Task :autoclick:mergeLibDexDebugAndroidTest UP-TO-DATE
> Task :autoclick:mergeDebugAndroidTestJniLibFolders UP-TO-DATE
> Task :autoclick:mergeDebugAndroidTestNativeLibs NO-SOURCE
> Task :autoclick:stripDebugAndroidTestDebugSymbols NO-SOURCE
> Task :autoclick:validateSigningDebugAndroidTest UP-TO-DATE
> Task :autoclick:writeDebugAndroidTestSigningConfigVersions UP-TO-DATE
> Task :accessibilityBase:stripDebugDebugSymbols NO-SOURCE
> Task :accessibilityBase:copyDebugJniLibsProjectAndLocalJars UP-TO-DATE
> Task :accessibilityBase:extractDebugAnnotations UP-TO-DATE
> Task :accessibilityBase:extractDeepLinksForAarDebug UP-TO-DATE
> Task :accessibilityBase:mergeDebugGeneratedProguardFiles UP-TO-DATE
> Task :accessibilityBase:mergeDebugConsumerProguardFiles UP-TO-DATE
> Task :accessibilityBase:prepareDebugArtProfile UP-TO-DATE
> Task :accessibilityBase:prepareLintJarForPublish UP-TO-DATE
> Task :accessibilityBase:mergeDebugJavaResource UP-TO-DATE
> Task :accessibilityBase:syncDebugLibJars UP-TO-DATE
> Task :accessibilityBase:bundleDebugLocalLintAar UP-TO-DATE
> Task :accessibilityBase:createFullJarDebug UP-TO-DATE
> Task :accessibilityBase:preDebugAndroidTestBuild UP-TO-DATE
> Task :accessibilityBase:generateDebugAndroidTestResValues UP-TO-DATE
> Task :accessibilityBase:writeDebugLintModelMetadata UP-TO-DATE
> Task :accessibilityBase:generateDebugAndroidTestLintModel UP-TO-DATE
> Task :accessibilityBase:extractProguardFiles UP-TO-DATE
> Task :accessibilityBase:generateDebugLintModel UP-TO-DATE
> Task :accessibilityBase:preDebugUnitTestBuild UP-TO-DATE
> Task :accessibilityBase:generateDebugUnitTestLintModel UP-TO-DATE
> Task :accessibilityBase:lintAnalyzeDebug UP-TO-DATE
> Task :accessibilityBase:lintAnalyzeDebugAndroidTest UP-TO-DATE
> Task :accessibilityBase:lintAnalyzeDebugUnitTest UP-TO-DATE
> Task :accessibilityCore:stripDebugDebugSymbols NO-SOURCE
> Task :accessibilityCore:copyDebugJniLibsProjectAndLocalJars UP-TO-DATE
> Task :accessibilityCore:extractDebugAnnotations
> Task :accessibilityCore:extractDeepLinksForAarDebug UP-TO-DATE
> Task :accessibilityCore:mergeDebugGeneratedProguardFiles UP-TO-DATE
> Task :accessibilityCore:mergeDebugConsumerProguardFiles UP-TO-DATE
> Task :accessibilityCore:prepareDebugArtProfile UP-TO-DATE
> Task :accessibilityCore:prepareLintJarForPublish UP-TO-DATE
> Task :accessibilityCore:mergeDebugJavaResource UP-TO-DATE
> Task :accessibilityCore:syncDebugLibJars
> Task :accessibilityCore:bundleDebugLocalLintAar
> Task :accessibilityCore:createFullJarDebug
> Task :accessibilityCore:preDebugAndroidTestBuild UP-TO-DATE
> Task :accessibilityCore:generateDebugAndroidTestResValues UP-TO-DATE
> Task :accessibilityCore:writeDebugLintModelMetadata UP-TO-DATE
> Task :accessibilityCore:generateDebugAndroidTestLintModel
> Task :accessibilityCore:extractProguardFiles UP-TO-DATE
> Task :autoclick:compileDebugKotlin
> Task :accessibilityCore:generateDebugLintModel
> Task :autoclick:compileDebugJavaWithJavac
> Task :autoclick:bundleDebugClassesToCompileJar
> Task :autoclick:bundleDebugClassesToRuntimeJar
> Task :autoclick:processDebugJavaRes UP-TO-DATE
> Task :autoclick:mergeDebugJavaResource UP-TO-DATE
> Task :autoclick:compileDebugUnitTestKotlin
> Task :autoclick:dexBuilderDebug
> Task :autoclick:compileDebugUnitTestJavaWithJavac NO-SOURCE
> Task :autoclick:processDebugUnitTestJavaRes UP-TO-DATE
> Task :autoclick:testDebugUnitTest
> Task :autoclick:mergeProjectDexDebug
> Task :autoclick:packageDebug
> Task :autoclick:createDebugApkListingFileRedirect UP-TO-DATE
> Task :autoclick:assembleDebug
> Task :accessibilityCore:generateDebugUnitTestLintModel
> Task :autoclick:compileDebugAndroidTestKotlin
> Task :autoclick:compileDebugAndroidTestJavaWithJavac UP-TO-DATE
> Task :autoclick:processDebugAndroidTestJavaRes UP-TO-DATE
> Task :autoclick:mergeDebugAndroidTestJavaResource UP-TO-DATE
> Task :autoclick:dexBuilderDebugAndroidTest
> Task :autoclick:mergeProjectDexDebugAndroidTest
> Task :autoclick:packageDebugAndroidTest
> Task :autoclick:createDebugAndroidTestApkListingFileRedirect UP-TO-DATE
> Task :autoclick:assembleDebugAndroidTest
> Task :accessibilityCore:lintAnalyzeDebugAndroidTest
> Task :accessibilityCore:lintAnalyzeDebug
> Task :accessibilityCore:lintAnalyzeDebugUnitTest
> Task :autoclick:generateDebugAndroidTestLintModel
> Task :autoclick:extractProguardFiles UP-TO-DATE
> Task :autoclick:generateDebugLintReportModel
> Task :autoclick:generateDebugUnitTestLintModel
> Task :autoclick:lintAnalyzeDebugAndroidTest
> Task :autoclick:lintAnalyzeDebug
> Task :autoclick:lintAnalyzeDebugUnitTest
> Task :app:preBuild UP-TO-DATE
> Task :app:preAgoraDebugBuild UP-TO-DATE
> Task :app:mergeAgoraDebugNativeDebugMetadata NO-SOURCE
> Task :app:checkKotlinGradlePluginConfigurationErrors SKIPPED
> Task :app:generateAgoraDebugBuildConfig UP-TO-DATE
> Task :communication-agora:preBuild UP-TO-DATE
> Task :communication-agora:preDebugBuild UP-TO-DATE
> Task :communication-agora:writeDebugAarMetadata UP-TO-DATE
> Task :communication-api:preBuild UP-TO-DATE
> Task :communication-api:preDebugBuild UP-TO-DATE
> Task :communication-api:writeDebugAarMetadata UP-TO-DATE
> Task :app:checkAgoraDebugAarMetadata UP-TO-DATE
> Task :app:generateAgoraDebugResValues UP-TO-DATE
> Task :communication-agora:generateDebugResValues UP-TO-DATE
> Task :communication-agora:generateDebugResources UP-TO-DATE
> Task :communication-agora:packageDebugResources UP-TO-DATE
> Task :communication-api:generateDebugResValues UP-TO-DATE
> Task :communication-api:generateDebugResources UP-TO-DATE
> Task :communication-api:packageDebugResources UP-TO-DATE
> Task :app:mapAgoraDebugSourceSetPaths UP-TO-DATE
> Task :app:generateAgoraDebugResources UP-TO-DATE
> Task :app:mergeAgoraDebugResources UP-TO-DATE
> Task :app:packageAgoraDebugResources UP-TO-DATE
> Task :app:parseAgoraDebugLocalResources UP-TO-DATE
> Task :app:createAgoraDebugCompatibleScreenManifests UP-TO-DATE
> Task :app:extractDeepLinksAgoraDebug UP-TO-DATE
> Task :communication-agora:extractDeepLinksDebug UP-TO-DATE
> Task :communication-agora:processDebugManifest UP-TO-DATE
> Task :communication-api:extractDeepLinksDebug UP-TO-DATE
> Task :communication-api:processDebugManifest UP-TO-DATE
> Task :app:processAgoraDebugMainManifest UP-TO-DATE
> Task :app:processAgoraDebugManifest UP-TO-DATE
> Task :app:processAgoraDebugManifestForPackage UP-TO-DATE
> Task :communication-agora:compileDebugLibraryResources UP-TO-DATE
> Task :communication-agora:parseDebugLocalResources UP-TO-DATE
> Task :communication-agora:generateDebugRFile UP-TO-DATE
> Task :communication-api:compileDebugLibraryResources UP-TO-DATE
> Task :communication-api:parseDebugLocalResources UP-TO-DATE
> Task :communication-api:generateDebugRFile UP-TO-DATE
> Task :app:processAgoraDebugResources UP-TO-DATE
> Task :communication-agora:checkKotlinGradlePluginConfigurationErrors SKIPPED
> Task :communication-api:checkKotlinGradlePluginConfigurationErrors SKIPPED
> Task :communication-api:compileDebugKotlin UP-TO-DATE
> Task :communication-api:javaPreCompileDebug UP-TO-DATE
> Task :communication-api:compileDebugJavaWithJavac NO-SOURCE
> Task :communication-api:bundleLibCompileToJarDebug UP-TO-DATE
> Task :communication-agora:compileDebugKotlin UP-TO-DATE
> Task :communication-agora:javaPreCompileDebug UP-TO-DATE
> Task :communication-agora:compileDebugJavaWithJavac NO-SOURCE
> Task :communication-agora:bundleLibCompileToJarDebug UP-TO-DATE

> Task :app:compileAgoraDebugKotlin
w: file:///Users/hgeng/AndroidStudioProjects/RemoteControl/app/src/main/java/com/lumostech/remotecontrol/MyApp.kt:42:40 'field versionCode: Int' is deprecated. Deprecated in Java.

> Task :app:javaPreCompileAgoraDebug UP-TO-DATE
> Task :app:compileAgoraDebugJavaWithJavac UP-TO-DATE
> Task :app:mergeAgoraDebugShaders UP-TO-DATE
> Task :app:compileAgoraDebugShaders NO-SOURCE
> Task :app:generateAgoraDebugAssets UP-TO-DATE
> Task :communication-agora:mergeDebugShaders UP-TO-DATE
> Task :communication-agora:compileDebugShaders NO-SOURCE
> Task :communication-agora:generateDebugAssets UP-TO-DATE
> Task :communication-agora:mergeDebugAssets UP-TO-DATE
> Task :communication-api:mergeDebugShaders UP-TO-DATE
> Task :communication-api:compileDebugShaders NO-SOURCE
> Task :communication-api:generateDebugAssets UP-TO-DATE
> Task :communication-api:mergeDebugAssets UP-TO-DATE
> Task :app:mergeAgoraDebugAssets UP-TO-DATE
> Task :app:compressAgoraDebugAssets UP-TO-DATE
> Task :app:processAgoraDebugJavaRes UP-TO-DATE
> Task :communication-agora:processDebugJavaRes UP-TO-DATE
> Task :communication-api:processDebugJavaRes UP-TO-DATE
> Task :app:mergeAgoraDebugJavaResource UP-TO-DATE
> Task :app:checkAgoraDebugDuplicateClasses UP-TO-DATE
> Task :app:desugarAgoraDebugFileDependencies UP-TO-DATE
> Task :app:mergeExtDexAgoraDebug UP-TO-DATE
> Task :communication-agora:bundleLibRuntimeToDirDebug UP-TO-DATE
> Task :communication-api:bundleLibRuntimeToDirDebug UP-TO-DATE
> Task :app:mergeLibDexAgoraDebug
> Task :app:dexBuilderAgoraDebug UP-TO-DATE
> Task :app:mergeProjectDexAgoraDebug UP-TO-DATE
> Task :app:mergeAgoraDebugJniLibFolders UP-TO-DATE
> Task :communication-agora:mergeDebugJniLibFolders UP-TO-DATE
> Task :communication-agora:mergeDebugNativeLibs NO-SOURCE
> Task :communication-agora:copyDebugJniLibsProjectOnly UP-TO-DATE
> Task :communication-api:mergeDebugJniLibFolders UP-TO-DATE
> Task :communication-api:mergeDebugNativeLibs NO-SOURCE
> Task :communication-api:copyDebugJniLibsProjectOnly UP-TO-DATE
> Task :app:mergeAgoraDebugNativeLibs UP-TO-DATE
> Task :app:stripAgoraDebugDebugSymbols UP-TO-DATE
> Task :app:validateSigningAgoraDebug UP-TO-DATE
> Task :app:writeAgoraDebugAppMetadata UP-TO-DATE
> Task :app:writeAgoraDebugSigningConfigVersions UP-TO-DATE
> Task :app:packageAgoraDebug
> Task :app:createAgoraDebugApkListingFileRedirect UP-TO-DATE
> Task :app:assembleAgoraDebug
> Task :app:preZegoDebugBuild UP-TO-DATE
> Task :app:mergeZegoDebugNativeDebugMetadata NO-SOURCE
> Task :app:generateZegoDebugBuildConfig UP-TO-DATE
> Task :communication-zego:preBuild UP-TO-DATE
> Task :communication-zego:preDebugBuild UP-TO-DATE
> Task :communication-zego:writeDebugAarMetadata UP-TO-DATE
> Task :app:checkZegoDebugAarMetadata UP-TO-DATE
> Task :app:generateZegoDebugResValues UP-TO-DATE
> Task :communication-zego:generateDebugResValues UP-TO-DATE
> Task :communication-zego:generateDebugResources UP-TO-DATE
> Task :communication-zego:packageDebugResources UP-TO-DATE
> Task :app:mapZegoDebugSourceSetPaths UP-TO-DATE
> Task :app:generateZegoDebugResources UP-TO-DATE
> Task :app:mergeZegoDebugResources UP-TO-DATE
> Task :app:packageZegoDebugResources UP-TO-DATE
> Task :app:parseZegoDebugLocalResources UP-TO-DATE
> Task :app:createZegoDebugCompatibleScreenManifests UP-TO-DATE
> Task :app:extractDeepLinksZegoDebug UP-TO-DATE
> Task :communication-zego:extractDeepLinksDebug UP-TO-DATE
> Task :communication-zego:processDebugManifest UP-TO-DATE
> Task :app:processZegoDebugMainManifest UP-TO-DATE
> Task :app:processZegoDebugManifest UP-TO-DATE
> Task :app:processZegoDebugManifestForPackage UP-TO-DATE
> Task :communication-zego:compileDebugLibraryResources UP-TO-DATE
> Task :communication-zego:parseDebugLocalResources UP-TO-DATE
> Task :communication-zego:generateDebugRFile UP-TO-DATE
> Task :app:processZegoDebugResources UP-TO-DATE
> Task :communication-zego:checkKotlinGradlePluginConfigurationErrors SKIPPED
> Task :communication-zego:compileDebugKotlin UP-TO-DATE
> Task :communication-zego:javaPreCompileDebug UP-TO-DATE
> Task :communication-zego:compileDebugJavaWithJavac NO-SOURCE
> Task :communication-zego:bundleLibCompileToJarDebug UP-TO-DATE

> Task :app:compileZegoDebugKotlin
w: file:///Users/hgeng/AndroidStudioProjects/RemoteControl/app/src/main/java/com/lumostech/remotecontrol/MyApp.kt:42:40 'field versionCode: Int' is deprecated. Deprecated in Java.

> Task :app:javaPreCompileZegoDebug UP-TO-DATE
> Task :app:compileZegoDebugJavaWithJavac UP-TO-DATE
> Task :app:mergeZegoDebugShaders UP-TO-DATE
> Task :app:compileZegoDebugShaders NO-SOURCE
> Task :app:generateZegoDebugAssets UP-TO-DATE
> Task :communication-zego:mergeDebugShaders UP-TO-DATE
> Task :communication-zego:compileDebugShaders NO-SOURCE
> Task :communication-zego:generateDebugAssets UP-TO-DATE
> Task :communication-zego:mergeDebugAssets UP-TO-DATE
> Task :app:mergeZegoDebugAssets UP-TO-DATE
> Task :app:compressZegoDebugAssets UP-TO-DATE
> Task :app:checkZegoDebugDuplicateClasses UP-TO-DATE
> Task :app:desugarZegoDebugFileDependencies UP-TO-DATE
> Task :app:mergeExtDexZegoDebug UP-TO-DATE
> Task :communication-zego:bundleLibRuntimeToDirDebug UP-TO-DATE
> Task :app:mergeLibDexZegoDebug
> Task :app:dexBuilderZegoDebug UP-TO-DATE
> Task :app:mergeProjectDexZegoDebug UP-TO-DATE
> Task :app:processZegoDebugJavaRes UP-TO-DATE
> Task :communication-zego:processDebugJavaRes UP-TO-DATE
> Task :app:mergeZegoDebugJavaResource UP-TO-DATE
> Task :app:mergeZegoDebugJniLibFolders UP-TO-DATE
> Task :communication-zego:mergeDebugJniLibFolders UP-TO-DATE
> Task :communication-zego:mergeDebugNativeLibs NO-SOURCE
> Task :communication-zego:copyDebugJniLibsProjectOnly UP-TO-DATE
> Task :app:mergeZegoDebugNativeLibs UP-TO-DATE
> Task :app:stripZegoDebugDebugSymbols UP-TO-DATE
> Task :app:validateSigningZegoDebug UP-TO-DATE
> Task :app:writeZegoDebugAppMetadata UP-TO-DATE
> Task :app:writeZegoDebugSigningConfigVersions UP-TO-DATE
> Task :app:packageZegoDebug
> Task :app:createZegoDebugApkListingFileRedirect UP-TO-DATE
> Task :app:assembleZegoDebug
> Task :app:assembleDebug

> Task :autoclick:lintReportDebug
Wrote HTML report to file:///Users/hgeng/AndroidStudioProjects/RemoteControl/autoclick/build/reports/lint-results-debug.html

> Task :autoclick:lintDebug

BUILD SUCCESSFUL in 4m 2s
290 actionable tasks: 37 executed, 253 up-to-date
