Performing Streamed Install
Success
APK VERIFIED: com.lumostech.autoclick sha256=a7d8cb858cb16f5a9dae56148b2d7bbeb0367ccbad68cd5915d67bcf4e23e945
Performing Streamed Install
Success
APK VERIFIED: com.lumostech.autoclick.test sha256=2580265019ac8c046020b1825afbaa1b8be04534b487466bc68230dd5819c454
INSTRUMENTATION_STATUS: class=com.lumostech.autoclick.ExactTimingIntegrationTest
INSTRUMENTATION_STATUS: current=1
INSTRUMENTATION_STATUS: id=AndroidJUnitRunner
INSTRUMENTATION_STATUS: numtests=1
INSTRUMENTATION_STATUS: stream=
com.lumostech.autoclick.ExactTimingIntegrationTest:
INSTRUMENTATION_STATUS: test=quickExactTaskFiresAtNextMinute
INSTRUMENTATION_STATUS_CODE: 1
INSTRUMENTATION_STATUS: class=com.lumostech.autoclick.ExactTimingIntegrationTest
INSTRUMENTATION_STATUS: current=1
INSTRUMENTATION_STATUS: id=AndroidJUnitRunner
INSTRUMENTATION_STATUS: numtests=1
INSTRUMENTATION_STATUS: stream=.
INSTRUMENTATION_STATUS: test=quickExactTaskFiresAtNextMinute
INSTRUMENTATION_STATUS_CODE: 0
INSTRUMENTATION_RESULT: stream=

Time: 69.294

OK (1 test)


INSTRUMENTATION_CODE: -1
/sdcard/autoclick-quick-scheduled.png: 1 file pulled, 0 skipped. 6.1 MB/s (29669 bytes in 0.005s)
Performing Streamed Install
Success
APK VERIFIED: com.lumostech.autoclick sha256=06f9f5962066fcc9888903f8e0e1fee5e1207226017e8259e017089d46ab070d
RESTORED: app files, saved task and accessibility settings verified.
