Performing Streamed Install
Success
APK VERIFIED: com.lumostech.autoclick sha256=a7d8cb858cb16f5a9dae56148b2d7bbeb0367ccbad68cd5915d67bcf4e23e945
Performing Streamed Install
Success
APK VERIFIED: com.lumostech.autoclick.test sha256=2580265019ac8c046020b1825afbaa1b8be04534b487466bc68230dd5819c454
INSTRUMENTATION_STATUS: class=com.lumostech.autoclick.LegacyTaskRecoveryIntegrationTest
INSTRUMENTATION_STATUS: current=1
INSTRUMENTATION_STATUS: id=AndroidJUnitRunner
INSTRUMENTATION_STATUS: numtests=26
INSTRUMENTATION_STATUS: stream=
com.lumostech.autoclick.LegacyTaskRecoveryIntegrationTest:
INSTRUMENTATION_STATUS: test=stopDuringFinalServiceCheckPreventsReplacement
INSTRUMENTATION_STATUS_CODE: 1
INSTRUMENTATION_STATUS: class=com.lumostech.autoclick.LegacyTaskRecoveryIntegrationTest
INSTRUMENTATION_STATUS: current=1
INSTRUMENTATION_STATUS: id=AndroidJUnitRunner
INSTRUMENTATION_STATUS: numtests=26
INSTRUMENTATION_STATUS: stream=.
INSTRUMENTATION_STATUS: test=stopDuringFinalServiceCheckPreventsReplacement
INSTRUMENTATION_STATUS_CODE: 0
INSTRUMENTATION_STATUS: class=com.lumostech.autoclick.LegacyTaskRecoveryIntegrationTest
INSTRUMENTATION_STATUS: current=2
INSTRUMENTATION_STATUS: id=AndroidJUnitRunner
INSTRUMENTATION_STATUS: numtests=26
INSTRUMENTATION_STATUS: stream=
INSTRUMENTATION_STATUS: test=mismatchedRecordingAndChangedSourceCannotReplaceTask
INSTRUMENTATION_STATUS_CODE: 1
INSTRUMENTATION_STATUS: class=com.lumostech.autoclick.LegacyTaskRecoveryIntegrationTest
INSTRUMENTATION_STATUS: current=2
INSTRUMENTATION_STATUS: id=AndroidJUnitRunner
INSTRUMENTATION_STATUS: numtests=26
INSTRUMENTATION_STATUS: stream=.
INSTRUMENTATION_STATUS: test=mismatchedRecordingAndChangedSourceCannotReplaceTask
INSTRUMENTATION_STATUS_CODE: 0
INSTRUMENTATION_STATUS: class=com.lumostech.autoclick.LegacyTaskRecoveryIntegrationTest
INSTRUMENTATION_STATUS: current=3
INSTRUMENTATION_STATUS: id=AndroidJUnitRunner
INSTRUMENTATION_STATUS: numtests=26
INSTRUMENTATION_STATUS: stream=
INSTRUMENTATION_STATUS: test=failedLegacyTimeEditPreservesOriginalTimeAndHistory
INSTRUMENTATION_STATUS_CODE: 1
INSTRUMENTATION_STATUS: class=com.lumostech.autoclick.LegacyTaskRecoveryIntegrationTest
INSTRUMENTATION_STATUS: current=3
INSTRUMENTATION_STATUS: id=AndroidJUnitRunner
INSTRUMENTATION_STATUS: numtests=26
INSTRUMENTATION_STATUS: stream=.
INSTRUMENTATION_STATUS: test=failedLegacyTimeEditPreservesOriginalTimeAndHistory
INSTRUMENTATION_STATUS_CODE: 0
INSTRUMENTATION_STATUS: class=com.lumostech.autoclick.LegacyTaskRecoveryIntegrationTest
INSTRUMENTATION_STATUS: current=4
INSTRUMENTATION_STATUS: id=AndroidJUnitRunner
INSTRUMENTATION_STATUS: numtests=26
INSTRUMENTATION_STATUS: stream=
INSTRUMENTATION_STATUS: test=missingProtectionAndDisconnectedServicePreserveSource
INSTRUMENTATION_STATUS_CODE: 1
INSTRUMENTATION_STATUS: class=com.lumostech.autoclick.LegacyTaskRecoveryIntegrationTest
INSTRUMENTATION_STATUS: current=4
INSTRUMENTATION_STATUS: id=AndroidJUnitRunner
INSTRUMENTATION_STATUS: numtests=26
INSTRUMENTATION_STATUS: stream=.
INSTRUMENTATION_STATUS: test=missingProtectionAndDisconnectedServicePreserveSource
INSTRUMENTATION_STATUS_CODE: 0
INSTRUMENTATION_STATUS: class=com.lumostech.autoclick.LegacyTaskRecoveryIntegrationTest
INSTRUMENTATION_STATUS: current=5
INSTRUMENTATION_STATUS: id=AndroidJUnitRunner
INSTRUMENTATION_STATUS: numtests=26
INSTRUMENTATION_STATUS: stream=
INSTRUMENTATION_STATUS: test=recoverySavesNewDisabledPlanExactlyOnce
INSTRUMENTATION_STATUS_CODE: 1
INSTRUMENTATION_STATUS: class=com.lumostech.autoclick.LegacyTaskRecoveryIntegrationTest
INSTRUMENTATION_STATUS: current=5
INSTRUMENTATION_STATUS: id=AndroidJUnitRunner
INSTRUMENTATION_STATUS: numtests=26
INSTRUMENTATION_STATUS: stream=.
INSTRUMENTATION_STATUS: test=recoverySavesNewDisabledPlanExactlyOnce
INSTRUMENTATION_STATUS_CODE: 0
INSTRUMENTATION_STATUS: class=com.lumostech.autoclick.LegacyTaskRecoveryIntegrationTest
INSTRUMENTATION_STATUS: current=6
INSTRUMENTATION_STATUS: id=AndroidJUnitRunner
INSTRUMENTATION_STATUS: numtests=26
INSTRUMENTATION_STATUS: stream=
INSTRUMENTATION_STATUS: test=legacyTimeEditPreservesRecordingAndKeepsDisabled
INSTRUMENTATION_STATUS_CODE: 1
INSTRUMENTATION_STATUS: class=com.lumostech.autoclick.LegacyTaskRecoveryIntegrationTest
INSTRUMENTATION_STATUS: current=6
INSTRUMENTATION_STATUS: id=AndroidJUnitRunner
INSTRUMENTATION_STATUS: numtests=26
INSTRUMENTATION_STATUS: stream=.
INSTRUMENTATION_STATUS: test=legacyTimeEditPreservesRecordingAndKeepsDisabled
INSTRUMENTATION_STATUS_CODE: 0
INSTRUMENTATION_STATUS: class=com.lumostech.autoclick.LegacyTaskRecoveryIntegrationTest
INSTRUMENTATION_STATUS: current=7
INSTRUMENTATION_STATUS: id=AndroidJUnitRunner
INSTRUMENTATION_STATUS: numtests=26
INSTRUMENTATION_STATUS: stream=
INSTRUMENTATION_STATUS: test=failedRecoveryPreservesEveryOriginalPreference
INSTRUMENTATION_STATUS_CODE: 1
INSTRUMENTATION_STATUS: class=com.lumostech.autoclick.LegacyTaskRecoveryIntegrationTest
INSTRUMENTATION_STATUS: current=7
INSTRUMENTATION_STATUS: id=AndroidJUnitRunner
INSTRUMENTATION_STATUS: numtests=26
INSTRUMENTATION_STATUS: stream=.
INSTRUMENTATION_STATUS: test=failedRecoveryPreservesEveryOriginalPreference
INSTRUMENTATION_STATUS_CODE: 0
INSTRUMENTATION_STATUS: class=com.lumostech.autoclick.LegacyTaskRecoveryIntegrationTest
INSTRUMENTATION_STATUS: current=8
INSTRUMENTATION_STATUS: id=AndroidJUnitRunner
INSTRUMENTATION_STATUS: numtests=26
INSTRUMENTATION_STATUS: stream=
INSTRUMENTATION_STATUS: test=unchangedLegacyScheduleDoesNotRewriteOrCreateAlarm
INSTRUMENTATION_STATUS_CODE: 1
INSTRUMENTATION_STATUS: class=com.lumostech.autoclick.LegacyTaskRecoveryIntegrationTest
INSTRUMENTATION_STATUS: current=8
INSTRUMENTATION_STATUS: id=AndroidJUnitRunner
INSTRUMENTATION_STATUS: numtests=26
INSTRUMENTATION_STATUS: stream=.
INSTRUMENTATION_STATUS: test=unchangedLegacyScheduleDoesNotRewriteOrCreateAlarm
INSTRUMENTATION_STATUS_CODE: 0
INSTRUMENTATION_STATUS: class=com.lumostech.autoclick.LegacyTaskRecoveryIntegrationTest
INSTRUMENTATION_STATUS: current=9
INSTRUMENTATION_STATUS: id=AndroidJUnitRunner
INSTRUMENTATION_STATUS: numtests=26
INSTRUMENTATION_STATUS: stream=
INSTRUMENTATION_STATUS: test=completedRecoveryStillMatchesAfterManualEnableRotatesCallbackId
INSTRUMENTATION_STATUS_CODE: 1
INSTRUMENTATION_STATUS: class=com.lumostech.autoclick.LegacyTaskRecoveryIntegrationTest
INSTRUMENTATION_STATUS: current=9
INSTRUMENTATION_STATUS: id=AndroidJUnitRunner
INSTRUMENTATION_STATUS: numtests=26
INSTRUMENTATION_STATUS: stream=.
INSTRUMENTATION_STATUS: test=completedRecoveryStillMatchesAfterManualEnableRotatesCallbackId
INSTRUMENTATION_STATUS_CODE: 0
INSTRUMENTATION_STATUS: class=com.lumostech.autoclick.LegacyTaskRecoveryIntegrationTest
INSTRUMENTATION_STATUS: current=10
INSTRUMENTATION_STATUS: id=AndroidJUnitRunner
INSTRUMENTATION_STATUS: numtests=26
INSTRUMENTATION_STATUS: stream=
INSTRUMENTATION_STATUS: test=oldAlarmCannotClaimRecoveredTask
INSTRUMENTATION_STATUS_CODE: 1
INSTRUMENTATION_STATUS: class=com.lumostech.autoclick.LegacyTaskRecoveryIntegrationTest
INSTRUMENTATION_STATUS: current=10
INSTRUMENTATION_STATUS: id=AndroidJUnitRunner
INSTRUMENTATION_STATUS: numtests=26
INSTRUMENTATION_STATUS: stream=.
INSTRUMENTATION_STATUS: test=oldAlarmCannotClaimRecoveredTask
INSTRUMENTATION_STATUS_CODE: 0
INSTRUMENTATION_STATUS: class=com.lumostech.autoclick.RecordingSessionIntegrationTest
INSTRUMENTATION_STATUS: current=11
INSTRUMENTATION_STATUS: id=AndroidJUnitRunner
INSTRUMENTATION_STATUS: numtests=26
INSTRUMENTATION_STATUS: stream=
com.lumostech.autoclick.RecordingSessionIntegrationTest:
INSTRUMENTATION_STATUS: test=reconnectLoadsSameSession
INSTRUMENTATION_STATUS_CODE: 1
INSTRUMENTATION_STATUS: class=com.lumostech.autoclick.RecordingSessionIntegrationTest
INSTRUMENTATION_STATUS: current=11
INSTRUMENTATION_STATUS: id=AndroidJUnitRunner
INSTRUMENTATION_STATUS: numtests=26
INSTRUMENTATION_STATUS: stream=.
INSTRUMENTATION_STATUS: test=reconnectLoadsSameSession
INSTRUMENTATION_STATUS_CODE: 0
INSTRUMENTATION_STATUS: class=com.lumostech.autoclick.RecordingSessionIntegrationTest
INSTRUMENTATION_STATUS: current=12
INSTRUMENTATION_STATUS: id=AndroidJUnitRunner
INSTRUMENTATION_STATUS: numtests=26
INSTRUMENTATION_STATUS: stream=
INSTRUMENTATION_STATUS: test=failedPointWriteRestoresSnapshot
INSTRUMENTATION_STATUS_CODE: 1
INSTRUMENTATION_STATUS: class=com.lumostech.autoclick.RecordingSessionIntegrationTest
INSTRUMENTATION_STATUS: current=12
INSTRUMENTATION_STATUS: id=AndroidJUnitRunner
INSTRUMENTATION_STATUS: numtests=26
INSTRUMENTATION_STATUS: stream=.
INSTRUMENTATION_STATUS: test=failedPointWriteRestoresSnapshot
INSTRUMENTATION_STATUS_CODE: 0
INSTRUMENTATION_STATUS: class=com.lumostech.autoclick.RecordingSessionIntegrationTest
INSTRUMENTATION_STATUS: current=13
INSTRUMENTATION_STATUS: id=AndroidJUnitRunner
INSTRUMENTATION_STATUS: numtests=26
INSTRUMENTATION_STATUS: stream=
INSTRUMENTATION_STATUS: test=startFailureDoesNotPublishSession
INSTRUMENTATION_STATUS_CODE: 1
INSTRUMENTATION_STATUS: class=com.lumostech.autoclick.RecordingSessionIntegrationTest
INSTRUMENTATION_STATUS: current=13
INSTRUMENTATION_STATUS: id=AndroidJUnitRunner
INSTRUMENTATION_STATUS: numtests=26
INSTRUMENTATION_STATUS: stream=.
INSTRUMENTATION_STATUS: test=startFailureDoesNotPublishSession
INSTRUMENTATION_STATUS_CODE: 0
INSTRUMENTATION_STATUS: class=com.lumostech.autoclick.RecordingSessionIntegrationTest
INSTRUMENTATION_STATUS: current=14
INSTRUMENTATION_STATUS: id=AndroidJUnitRunner
INSTRUMENTATION_STATUS: numtests=26
INSTRUMENTATION_STATUS: stream=
INSTRUMENTATION_STATUS: test=ordinaryRecordingClearsSessionMarker
INSTRUMENTATION_STATUS_CODE: 1
INSTRUMENTATION_STATUS: class=com.lumostech.autoclick.RecordingSessionIntegrationTest
INSTRUMENTATION_STATUS: current=14
INSTRUMENTATION_STATUS: id=AndroidJUnitRunner
INSTRUMENTATION_STATUS: numtests=26
INSTRUMENTATION_STATUS: stream=.
INSTRUMENTATION_STATUS: test=ordinaryRecordingClearsSessionMarker
INSTRUMENTATION_STATUS_CODE: 0
INSTRUMENTATION_STATUS: class=com.lumostech.autoclick.RecoverableTaskPreferencesTest
INSTRUMENTATION_STATUS: current=15
INSTRUMENTATION_STATUS: id=AndroidJUnitRunner
INSTRUMENTATION_STATUS: numtests=26
INSTRUMENTATION_STATUS: stream=
com.lumostech.autoclick.RecoverableTaskPreferencesTest:
INSTRUMENTATION_STATUS: test=journalFailureDuringLaterEditKeepsLastConfirmedValues
INSTRUMENTATION_STATUS_CODE: 1
INSTRUMENTATION_STATUS: class=com.lumostech.autoclick.RecoverableTaskPreferencesTest
INSTRUMENTATION_STATUS: current=15
INSTRUMENTATION_STATUS: id=AndroidJUnitRunner
INSTRUMENTATION_STATUS: numtests=26
INSTRUMENTATION_STATUS: stream=.
INSTRUMENTATION_STATUS: test=journalFailureDuringLaterEditKeepsLastConfirmedValues
INSTRUMENTATION_STATUS_CODE: 0
INSTRUMENTATION_STATUS: class=com.lumostech.autoclick.RecoverableTaskPreferencesTest
INSTRUMENTATION_STATUS: current=16
INSTRUMENTATION_STATUS: id=AndroidJUnitRunner
INSTRUMENTATION_STATUS: numtests=26
INSTRUMENTATION_STATUS: stream=
INSTRUMENTATION_STATUS: test=corruptedRecordIsNotSilentlyReadAsAnEmptyTask
INSTRUMENTATION_STATUS_CODE: 1
INSTRUMENTATION_STATUS: class=com.lumostech.autoclick.RecoverableTaskPreferencesTest
INSTRUMENTATION_STATUS: current=16
INSTRUMENTATION_STATUS: id=AndroidJUnitRunner
INSTRUMENTATION_STATUS: numtests=26
INSTRUMENTATION_STATUS: stream=.
INSTRUMENTATION_STATUS: test=corruptedRecordIsNotSilentlyReadAsAnEmptyTask
INSTRUMENTATION_STATUS_CODE: 0
INSTRUMENTATION_STATUS: class=com.lumostech.autoclick.RecoverableTaskPreferencesTest
INSTRUMENTATION_STATUS: current=17
INSTRUMENTATION_STATUS: id=AndroidJUnitRunner
INSTRUMENTATION_STATUS: numtests=26
INSTRUMENTATION_STATUS: stream=
INSTRUMENTATION_STATUS: test=atomicRecordSurvivesNewReaderAndCanBeCleared
INSTRUMENTATION_STATUS_CODE: 1
INSTRUMENTATION_STATUS: class=com.lumostech.autoclick.RecoverableTaskPreferencesTest
INSTRUMENTATION_STATUS: current=17
INSTRUMENTATION_STATUS: id=AndroidJUnitRunner
INSTRUMENTATION_STATUS: numtests=26
INSTRUMENTATION_STATUS: stream=.
INSTRUMENTATION_STATUS: test=atomicRecordSurvivesNewReaderAndCanBeCleared
INSTRUMENTATION_STATUS_CODE: 0
INSTRUMENTATION_STATUS: class=com.lumostech.autoclick.RecoverableTaskPreferencesTest
INSTRUMENTATION_STATUS: current=18
INSTRUMENTATION_STATUS: id=AndroidJUnitRunner
INSTRUMENTATION_STATUS: numtests=26
INSTRUMENTATION_STATUS: stream=
INSTRUMENTATION_STATUS: test=failedJournalWriteKeepsOriginalAndHistory
INSTRUMENTATION_STATUS_CODE: 1
INSTRUMENTATION_STATUS: class=com.lumostech.autoclick.RecoverableTaskPreferencesTest
INSTRUMENTATION_STATUS: current=18
INSTRUMENTATION_STATUS: id=AndroidJUnitRunner
INSTRUMENTATION_STATUS: numtests=26
INSTRUMENTATION_STATUS: stream=.
INSTRUMENTATION_STATUS: test=failedJournalWriteKeepsOriginalAndHistory
INSTRUMENTATION_STATUS_CODE: 0
INSTRUMENTATION_STATUS: class=com.lumostech.autoclick.RecoverableTaskPreferencesTest
INSTRUMENTATION_STATUS: current=19
INSTRUMENTATION_STATUS: id=AndroidJUnitRunner
INSTRUMENTATION_STATUS: numtests=26
INSTRUMENTATION_STATUS: stream=
INSTRUMENTATION_STATUS: test=sessionFileRoundTripRejectsDamagedIdentity
INSTRUMENTATION_STATUS_CODE: 1
INSTRUMENTATION_STATUS: class=com.lumostech.autoclick.RecoverableTaskPreferencesTest
INSTRUMENTATION_STATUS: current=19
INSTRUMENTATION_STATUS: id=AndroidJUnitRunner
INSTRUMENTATION_STATUS: numtests=26
INSTRUMENTATION_STATUS: stream=.
INSTRUMENTATION_STATUS: test=sessionFileRoundTripRejectsDamagedIdentity
INSTRUMENTATION_STATUS_CODE: 0
INSTRUMENTATION_STATUS: class=com.lumostech.autoclick.RecoverableTaskPreferencesTest
INSTRUMENTATION_STATUS: current=20
INSTRUMENTATION_STATUS: id=AndroidJUnitRunner
INSTRUMENTATION_STATUS: numtests=26
INSTRUMENTATION_STATUS: stream=
INSTRUMENTATION_STATUS: test=staleSourceCannotOverwriteTask
INSTRUMENTATION_STATUS_CODE: 1
INSTRUMENTATION_STATUS: class=com.lumostech.autoclick.RecoverableTaskPreferencesTest
INSTRUMENTATION_STATUS: current=20
INSTRUMENTATION_STATUS: id=AndroidJUnitRunner
INSTRUMENTATION_STATUS: numtests=26
INSTRUMENTATION_STATUS: stream=.
INSTRUMENTATION_STATUS: test=staleSourceCannotOverwriteTask
INSTRUMENTATION_STATUS_CODE: 0
INSTRUMENTATION_STATUS: class=com.lumostech.autoclick.RecoverableTaskPreferencesTest
INSTRUMENTATION_STATUS: current=21
INSTRUMENTATION_STATUS: id=AndroidJUnitRunner
INSTRUMENTATION_STATUS: numtests=26
INSTRUMENTATION_STATUS: stream=
INSTRUMENTATION_STATUS: test=snapshotRoundTripPreservesTypesAndOldHistory
INSTRUMENTATION_STATUS_CODE: 1
INSTRUMENTATION_STATUS: class=com.lumostech.autoclick.RecoverableTaskPreferencesTest
INSTRUMENTATION_STATUS: current=21
INSTRUMENTATION_STATUS: id=AndroidJUnitRunner
INSTRUMENTATION_STATUS: numtests=26
INSTRUMENTATION_STATUS: stream=.
INSTRUMENTATION_STATUS: test=snapshotRoundTripPreservesTypesAndOldHistory
INSTRUMENTATION_STATUS_CODE: 0
INSTRUMENTATION_STATUS: class=com.lumostech.autoclick.RecoverableTaskPreferencesTest
INSTRUMENTATION_STATUS: current=22
INSTRUMENTATION_STATUS: id=AndroidJUnitRunner
INSTRUMENTATION_STATUS: numtests=26
INSTRUMENTATION_STATUS: stream=
INSTRUMENTATION_STATUS: test=mirrorFailureDoesNotLoseLaterChangesOrResurrectDeletedTask
INSTRUMENTATION_STATUS_CODE: 1
INSTRUMENTATION_STATUS: class=com.lumostech.autoclick.RecoverableTaskPreferencesTest
INSTRUMENTATION_STATUS: current=22
INSTRUMENTATION_STATUS: id=AndroidJUnitRunner
INSTRUMENTATION_STATUS: numtests=26
INSTRUMENTATION_STATUS: stream=.
INSTRUMENTATION_STATUS: test=mirrorFailureDoesNotLoseLaterChangesOrResurrectDeletedTask
INSTRUMENTATION_STATUS_CODE: 0
INSTRUMENTATION_STATUS: class=com.lumostech.autoclick.RecoverableTaskPreferencesTest
INSTRUMENTATION_STATUS: current=23
INSTRUMENTATION_STATUS: id=AndroidJUnitRunner
INSTRUMENTATION_STATUS: numtests=26
INSTRUMENTATION_STATUS: stream=
INSTRUMENTATION_STATUS: test=mirrorFailureNotifiesOnlyConfirmedReplacement
INSTRUMENTATION_STATUS_CODE: 1
INSTRUMENTATION_STATUS: class=com.lumostech.autoclick.RecoverableTaskPreferencesTest
INSTRUMENTATION_STATUS: current=23
INSTRUMENTATION_STATUS: id=AndroidJUnitRunner
INSTRUMENTATION_STATUS: numtests=26
INSTRUMENTATION_STATUS: stream=.
INSTRUMENTATION_STATUS: test=mirrorFailureNotifiesOnlyConfirmedReplacement
INSTRUMENTATION_STATUS_CODE: 0
INSTRUMENTATION_STATUS: class=com.lumostech.autoclick.RecoverableTaskPreferencesTest
INSTRUMENTATION_STATUS: current=24
INSTRUMENTATION_STATUS: id=AndroidJUnitRunner
INSTRUMENTATION_STATUS: numtests=26
INSTRUMENTATION_STATUS: stream=
INSTRUMENTATION_STATUS: test=cleanupFailureKeepsCommittedSource
INSTRUMENTATION_STATUS_CODE: 1
INSTRUMENTATION_STATUS: class=com.lumostech.autoclick.RecoverableTaskPreferencesTest
INSTRUMENTATION_STATUS: current=24
INSTRUMENTATION_STATUS: id=AndroidJUnitRunner
INSTRUMENTATION_STATUS: numtests=26
INSTRUMENTATION_STATUS: stream=.
INSTRUMENTATION_STATUS: test=cleanupFailureKeepsCommittedSource
INSTRUMENTATION_STATUS_CODE: 0
INSTRUMENTATION_STATUS: class=com.lumostech.autoclick.RecoverableTaskPreferencesTest
INSTRUMENTATION_STATUS: current=25
INSTRUMENTATION_STATUS: id=AndroidJUnitRunner
INSTRUMENTATION_STATUS: numtests=26
INSTRUMENTATION_STATUS: stream=
INSTRUMENTATION_STATUS: test=completedWriteSurvivesMirrorFailureAndNewInstance
INSTRUMENTATION_STATUS_CODE: 1
INSTRUMENTATION_STATUS: class=com.lumostech.autoclick.RecoverableTaskPreferencesTest
INSTRUMENTATION_STATUS: current=25
INSTRUMENTATION_STATUS: id=AndroidJUnitRunner
INSTRUMENTATION_STATUS: numtests=26
INSTRUMENTATION_STATUS: stream=.
INSTRUMENTATION_STATUS: test=completedWriteSurvivesMirrorFailureAndNewInstance
INSTRUMENTATION_STATUS_CODE: 0
INSTRUMENTATION_STATUS: class=com.lumostech.autoclick.RecoverableTaskPreferencesTest
INSTRUMENTATION_STATUS: current=26
INSTRUMENTATION_STATUS: id=AndroidJUnitRunner
INSTRUMENTATION_STATUS: numtests=26
INSTRUMENTATION_STATUS: stream=
INSTRUMENTATION_STATUS: test=orderedApplyCannotRestoreValuesAfterConfirmedDeletion
INSTRUMENTATION_STATUS_CODE: 1
INSTRUMENTATION_STATUS: class=com.lumostech.autoclick.RecoverableTaskPreferencesTest
INSTRUMENTATION_STATUS: current=26
INSTRUMENTATION_STATUS: id=AndroidJUnitRunner
INSTRUMENTATION_STATUS: numtests=26
INSTRUMENTATION_STATUS: stream=.
INSTRUMENTATION_STATUS: test=orderedApplyCannotRestoreValuesAfterConfirmedDeletion
INSTRUMENTATION_STATUS_CODE: 0
INSTRUMENTATION_RESULT: stream=

Time: 17.718

OK (26 tests)


INSTRUMENTATION_CODE: -1
Performing Streamed Install
Success
APK VERIFIED: com.lumostech.autoclick sha256=06f9f5962066fcc9888903f8e0e1fee5e1207226017e8259e017089d46ab070d
RESTORED: app files, saved task and accessibility settings verified.
