Performing Streamed Install
Success
APK VERIFIED: com.lumostech.autoclick sha256=a7d8cb858cb16f5a9dae56148b2d7bbeb0367ccbad68cd5915d67bcf4e23e945
Performing Streamed Install
Success
APK VERIFIED: com.lumostech.autoclick.test sha256=2580265019ac8c046020b1825afbaa1b8be04534b487466bc68230dd5819c454
INSTRUMENTATION_STATUS: class=com.lumostech.autoclick.GestureIntegrationTest
INSTRUMENTATION_STATUS: current=1
INSTRUMENTATION_STATUS: id=AndroidJUnitRunner
INSTRUMENTATION_STATUS: numtests=68
INSTRUMENTATION_STATUS: stream=
com.lumostech.autoclick.GestureIntegrationTest:
INSTRUMENTATION_STATUS: test=scheduledAlarmWaitsWithinRemainingBudgetForConnection
INSTRUMENTATION_STATUS_CODE: 1
INSTRUMENTATION_STATUS: class=com.lumostech.autoclick.GestureIntegrationTest
INSTRUMENTATION_STATUS: current=1
INSTRUMENTATION_STATUS: id=AndroidJUnitRunner
INSTRUMENTATION_STATUS: numtests=68
INSTRUMENTATION_STATUS: stream=.
INSTRUMENTATION_STATUS: test=scheduledAlarmWaitsWithinRemainingBudgetForConnection
INSTRUMENTATION_STATUS_CODE: 0
INSTRUMENTATION_STATUS: class=com.lumostech.autoclick.GestureIntegrationTest
INSTRUMENTATION_STATUS: current=2
INSTRUMENTATION_STATUS: id=AndroidJUnitRunner
INSTRUMENTATION_STATUS: numtests=68
INSTRUMENTATION_STATUS: stream=
INSTRUMENTATION_STATUS: test=switchingApplicationsAfterFirstClickStopsRemainingPoints
INSTRUMENTATION_STATUS_CODE: 1
INSTRUMENTATION_STATUS: class=com.lumostech.autoclick.GestureIntegrationTest
INSTRUMENTATION_STATUS: current=2
INSTRUMENTATION_STATUS: id=AndroidJUnitRunner
INSTRUMENTATION_STATUS: numtests=68
INSTRUMENTATION_STATUS: stream=.
INSTRUMENTATION_STATUS: test=switchingApplicationsAfterFirstClickStopsRemainingPoints
INSTRUMENTATION_STATUS_CODE: 0
INSTRUMENTATION_STATUS: class=com.lumostech.autoclick.GestureIntegrationTest
INSTRUMENTATION_STATUS: current=3
INSTRUMENTATION_STATUS: id=AndroidJUnitRunner
INSTRUMENTATION_STATUS: numtests=68
INSTRUMENTATION_STATUS: stream=
INSTRUMENTATION_STATUS: test=overlaySwitchKeepsRecordedSequence
INSTRUMENTATION_STATUS_CODE: 1
INSTRUMENTATION_STATUS: class=com.lumostech.autoclick.GestureIntegrationTest
INSTRUMENTATION_STATUS: current=3
INSTRUMENTATION_STATUS: id=AndroidJUnitRunner
INSTRUMENTATION_STATUS: numtests=68
INSTRUMENTATION_STATUS: stream=.
INSTRUMENTATION_STATUS: test=overlaySwitchKeepsRecordedSequence
INSTRUMENTATION_STATUS_CODE: 0
INSTRUMENTATION_STATUS: class=com.lumostech.autoclick.GestureIntegrationTest
INSTRUMENTATION_STATUS: current=4
INSTRUMENTATION_STATUS: id=AndroidJUnitRunner
INSTRUMENTATION_STATUS: numtests=68
INSTRUMENTATION_STATUS: stream=
INSTRUMENTATION_STATUS: test=emergencyStopDuringCountdownDispatchesNothingAndDisablesSchedule
INSTRUMENTATION_STATUS_CODE: 1
INSTRUMENTATION_STATUS: class=com.lumostech.autoclick.GestureIntegrationTest
INSTRUMENTATION_STATUS: current=4
INSTRUMENTATION_STATUS: id=AndroidJUnitRunner
INSTRUMENTATION_STATUS: numtests=68
INSTRUMENTATION_STATUS: stream=.
INSTRUMENTATION_STATUS: test=emergencyStopDuringCountdownDispatchesNothingAndDisablesSchedule
INSTRUMENTATION_STATUS_CODE: 0
INSTRUMENTATION_STATUS: class=com.lumostech.autoclick.GestureIntegrationTest
INSTRUMENTATION_STATUS: current=5
INSTRUMENTATION_STATUS: id=AndroidJUnitRunner
INSTRUMENTATION_STATUS: numtests=68
INSTRUMENTATION_STATUS: stream=
INSTRUMENTATION_STATUS: test=cancellationWhileReturningAcquiredLeaseReleasesTheStopWindow
INSTRUMENTATION_STATUS_CODE: 1
INSTRUMENTATION_STATUS: class=com.lumostech.autoclick.GestureIntegrationTest
INSTRUMENTATION_STATUS: current=5
INSTRUMENTATION_STATUS: id=AndroidJUnitRunner
INSTRUMENTATION_STATUS: numtests=68
INSTRUMENTATION_STATUS: stream=.
INSTRUMENTATION_STATUS: test=cancellationWhileReturningAcquiredLeaseReleasesTheStopWindow
INSTRUMENTATION_STATUS_CODE: 0
INSTRUMENTATION_STATUS: class=com.lumostech.autoclick.GestureIntegrationTest
INSTRUMENTATION_STATUS: current=6
INSTRUMENTATION_STATUS: id=AndroidJUnitRunner
INSTRUMENTATION_STATUS: numtests=68
INSTRUMENTATION_STATUS: stream=
INSTRUMENTATION_STATUS: test=protectedRecordingRetainsEnvironmentWhenOverlayIsCreated
INSTRUMENTATION_STATUS_CODE: 1
INSTRUMENTATION_STATUS: class=com.lumostech.autoclick.GestureIntegrationTest
INSTRUMENTATION_STATUS: current=6
INSTRUMENTATION_STATUS: id=AndroidJUnitRunner
INSTRUMENTATION_STATUS: numtests=68
INSTRUMENTATION_STATUS: stream=.
INSTRUMENTATION_STATUS: test=protectedRecordingRetainsEnvironmentWhenOverlayIsCreated
INSTRUMENTATION_STATUS_CODE: 0
INSTRUMENTATION_STATUS: class=com.lumostech.autoclick.GestureIntegrationTest
INSTRUMENTATION_STATUS: current=7
INSTRUMENTATION_STATUS: id=AndroidJUnitRunner
INSTRUMENTATION_STATUS: numtests=68
INSTRUMENTATION_STATUS: stream=
INSTRUMENTATION_STATUS: test=displayMismatchCannotConsumeOrExecuteOccurrence
INSTRUMENTATION_STATUS_CODE: 1
INSTRUMENTATION_STATUS: class=com.lumostech.autoclick.GestureIntegrationTest
INSTRUMENTATION_STATUS: current=7
INSTRUMENTATION_STATUS: id=AndroidJUnitRunner
INSTRUMENTATION_STATUS: numtests=68
INSTRUMENTATION_STATUS: stream=.
INSTRUMENTATION_STATUS: test=displayMismatchCannotConsumeOrExecuteOccurrence
INSTRUMENTATION_STATUS_CODE: 0
INSTRUMENTATION_STATUS: class=com.lumostech.autoclick.GestureIntegrationTest
INSTRUMENTATION_STATUS: current=8
INSTRUMENTATION_STATUS: id=AndroidJUnitRunner
INSTRUMENTATION_STATUS: numtests=68
INSTRUMENTATION_STATUS: stream=
INSTRUMENTATION_STATUS: test=screenOffAfterFirstClickStopsRemainingPoints
INSTRUMENTATION_STATUS_CODE: 1
INSTRUMENTATION_STATUS: class=com.lumostech.autoclick.GestureIntegrationTest
INSTRUMENTATION_STATUS: current=8
INSTRUMENTATION_STATUS: id=AndroidJUnitRunner
INSTRUMENTATION_STATUS: numtests=68
INSTRUMENTATION_STATUS: stream=.
INSTRUMENTATION_STATUS: test=screenOffAfterFirstClickStopsRemainingPoints
INSTRUMENTATION_STATUS_CODE: 0
INSTRUMENTATION_STATUS: class=com.lumostech.autoclick.GestureIntegrationTest
INSTRUMENTATION_STATUS: current=9
INSTRUMENTATION_STATUS: id=AndroidJUnitRunner
INSTRUMENTATION_STATUS: numtests=68
INSTRUMENTATION_STATUS: stream=
INSTRUMENTATION_STATUS: test=disabledAccessibilityServiceDoesNotWaitOrConsume
INSTRUMENTATION_STATUS_CODE: 1
INSTRUMENTATION_STATUS: class=com.lumostech.autoclick.GestureIntegrationTest
INSTRUMENTATION_STATUS: current=9
INSTRUMENTATION_STATUS: id=AndroidJUnitRunner
INSTRUMENTATION_STATUS: numtests=68
INSTRUMENTATION_STATUS: stream=.
INSTRUMENTATION_STATUS: test=disabledAccessibilityServiceDoesNotWaitOrConsume
INSTRUMENTATION_STATUS_CODE: 0
INSTRUMENTATION_STATUS: class=com.lumostech.autoclick.GestureIntegrationTest
INSTRUMENTATION_STATUS: current=10
INSTRUMENTATION_STATUS: id=AndroidJUnitRunner
INSTRUMENTATION_STATUS: numtests=68
INSTRUMENTATION_STATUS: stream=
INSTRUMENTATION_STATUS: test=currentCompletionPreservesIndependentFutureAlarm
INSTRUMENTATION_STATUS_CODE: 1
INSTRUMENTATION_STATUS: class=com.lumostech.autoclick.GestureIntegrationTest
INSTRUMENTATION_STATUS: current=10
INSTRUMENTATION_STATUS: id=AndroidJUnitRunner
INSTRUMENTATION_STATUS: numtests=68
INSTRUMENTATION_STATUS: stream=.
INSTRUMENTATION_STATUS: test=currentCompletionPreservesIndependentFutureAlarm
INSTRUMENTATION_STATUS_CODE: 0
INSTRUMENTATION_STATUS: class=com.lumostech.autoclick.GestureIntegrationTest
INSTRUMENTATION_STATUS: current=11
INSTRUMENTATION_STATUS: id=AndroidJUnitRunner
INSTRUMENTATION_STATUS: numtests=68
INSTRUMENTATION_STATUS: stream=
INSTRUMENTATION_STATUS: test=floatingEmergencyStopInterruptsLongIntervalBeforeNextClick
INSTRUMENTATION_STATUS_CODE: 1
INSTRUMENTATION_STATUS: class=com.lumostech.autoclick.GestureIntegrationTest
INSTRUMENTATION_STATUS: current=11
INSTRUMENTATION_STATUS: id=AndroidJUnitRunner
INSTRUMENTATION_STATUS: numtests=68
INSTRUMENTATION_STATUS: stream=.
INSTRUMENTATION_STATUS: test=floatingEmergencyStopInterruptsLongIntervalBeforeNextClick
INSTRUMENTATION_STATUS_CODE: 0
INSTRUMENTATION_STATUS: class=com.lumostech.autoclick.GestureIntegrationTest
INSTRUMENTATION_STATUS: current=12
INSTRUMENTATION_STATUS: id=AndroidJUnitRunner
INSTRUMENTATION_STATUS: numtests=68
INSTRUMENTATION_STATUS: stream=
INSTRUMENTATION_STATUS: test=scheduledExecutorCompletesRealAndroidGestures
INSTRUMENTATION_STATUS_CODE: 1
INSTRUMENTATION_STATUS: class=com.lumostech.autoclick.GestureIntegrationTest
INSTRUMENTATION_STATUS: current=12
INSTRUMENTATION_STATUS: id=AndroidJUnitRunner
INSTRUMENTATION_STATUS: numtests=68
INSTRUMENTATION_STATUS: stream=.
INSTRUMENTATION_STATUS: test=scheduledExecutorCompletesRealAndroidGestures
INSTRUMENTATION_STATUS_CODE: 0
INSTRUMENTATION_STATUS: class=com.lumostech.autoclick.GestureIntegrationTest
INSTRUMENTATION_STATUS: current=13
INSTRUMENTATION_STATUS: id=AndroidJUnitRunner
INSTRUMENTATION_STATUS: numtests=68
INSTRUMENTATION_STATUS: stream=
INSTRUMENTATION_STATUS: test=stoppingTaskDuringReconnectWaitDispatchesNothing
INSTRUMENTATION_STATUS_CODE: 1
INSTRUMENTATION_STATUS: class=com.lumostech.autoclick.GestureIntegrationTest
INSTRUMENTATION_STATUS: current=13
INSTRUMENTATION_STATUS: id=AndroidJUnitRunner
INSTRUMENTATION_STATUS: numtests=68
INSTRUMENTATION_STATUS: stream=.
INSTRUMENTATION_STATUS: test=stoppingTaskDuringReconnectWaitDispatchesNothing
INSTRUMENTATION_STATUS_CODE: 0
INSTRUMENTATION_STATUS: class=com.lumostech.autoclick.GestureIntegrationTest
INSTRUMENTATION_STATUS: current=14
INSTRUMENTATION_STATUS: id=AndroidJUnitRunner
INSTRUMENTATION_STATUS: numtests=68
INSTRUMENTATION_STATUS: stream=
INSTRUMENTATION_STATUS: test=trialRunsDisabledScheduleWithoutConsumingItsOccurrence
INSTRUMENTATION_STATUS_CODE: 1
INSTRUMENTATION_STATUS: class=com.lumostech.autoclick.GestureIntegrationTest
INSTRUMENTATION_STATUS: current=14
INSTRUMENTATION_STATUS: id=AndroidJUnitRunner
INSTRUMENTATION_STATUS: numtests=68
INSTRUMENTATION_STATUS: stream=.
INSTRUMENTATION_STATUS: test=trialRunsDisabledScheduleWithoutConsumingItsOccurrence
INSTRUMENTATION_STATUS_CODE: 0
INSTRUMENTATION_STATUS: class=com.lumostech.autoclick.GestureIntegrationTest
INSTRUMENTATION_STATUS: current=15
INSTRUMENTATION_STATUS: id=AndroidJUnitRunner
INSTRUMENTATION_STATUS: numtests=68
INSTRUMENTATION_STATUS: stream=
INSTRUMENTATION_STATUS: test=duplicateWorkerDoesNotClickTwiceOrOverwriteCompletedStatus
INSTRUMENTATION_STATUS_CODE: 1
INSTRUMENTATION_STATUS: class=com.lumostech.autoclick.GestureIntegrationTest
INSTRUMENTATION_STATUS: current=15
INSTRUMENTATION_STATUS: id=AndroidJUnitRunner
INSTRUMENTATION_STATUS: numtests=68
INSTRUMENTATION_STATUS: stream=.
INSTRUMENTATION_STATUS: test=duplicateWorkerDoesNotClickTwiceOrOverwriteCompletedStatus
INSTRUMENTATION_STATUS_CODE: 0
INSTRUMENTATION_STATUS: class=com.lumostech.autoclick.GestureIntegrationTest
INSTRUMENTATION_STATUS: current=16
INSTRUMENTATION_STATUS: id=AndroidJUnitRunner
INSTRUMENTATION_STATUS: numtests=68
INSTRUMENTATION_STATUS: stream=
INSTRUMENTATION_STATUS: test=activityRecreationClosesStaleConfirmationOverlay
INSTRUMENTATION_STATUS_CODE: 1
INSTRUMENTATION_STATUS: class=com.lumostech.autoclick.GestureIntegrationTest
INSTRUMENTATION_STATUS: current=16
INSTRUMENTATION_STATUS: id=AndroidJUnitRunner
INSTRUMENTATION_STATUS: numtests=68
INSTRUMENTATION_STATUS: stream=.
INSTRUMENTATION_STATUS: test=activityRecreationClosesStaleConfirmationOverlay
INSTRUMENTATION_STATUS_CODE: 0
INSTRUMENTATION_STATUS: class=com.lumostech.autoclick.GestureIntegrationTest
INSTRUMENTATION_STATUS: current=17
INSTRUMENTATION_STATUS: id=AndroidJUnitRunner
INSTRUMENTATION_STATUS: numtests=68
INSTRUMENTATION_STATUS: stream=
INSTRUMENTATION_STATUS: test=tappingRecordingOverlayCapturesUnderlyingTargetApplication
INSTRUMENTATION_STATUS_CODE: 1
INSTRUMENTATION_STATUS: class=com.lumostech.autoclick.GestureIntegrationTest
INSTRUMENTATION_STATUS: current=17
INSTRUMENTATION_STATUS: id=AndroidJUnitRunner
INSTRUMENTATION_STATUS: numtests=68
INSTRUMENTATION_STATUS: stream=.
INSTRUMENTATION_STATUS: test=tappingRecordingOverlayCapturesUnderlyingTargetApplication
INSTRUMENTATION_STATUS_CODE: 0
INSTRUMENTATION_STATUS: class=com.lumostech.autoclick.ScheduleEditIntegrationTest
INSTRUMENTATION_STATUS: current=18
INSTRUMENTATION_STATUS: id=AndroidJUnitRunner
INSTRUMENTATION_STATUS: numtests=68
INSTRUMENTATION_STATUS: stream=
com.lumostech.autoclick.ScheduleEditIntegrationTest:
INSTRUMENTATION_STATUS: test=cancelledCallerCannotLeaveAnEnabledEdit
INSTRUMENTATION_STATUS_CODE: 1
INSTRUMENTATION_STATUS: class=com.lumostech.autoclick.ScheduleEditIntegrationTest
INSTRUMENTATION_STATUS: current=18
INSTRUMENTATION_STATUS: id=AndroidJUnitRunner
INSTRUMENTATION_STATUS: numtests=68
INSTRUMENTATION_STATUS: stream=.
INSTRUMENTATION_STATUS: test=cancelledCallerCannotLeaveAnEnabledEdit
INSTRUMENTATION_STATUS_CODE: 0
INSTRUMENTATION_STATUS: class=com.lumostech.autoclick.ScheduleEditIntegrationTest
INSTRUMENTATION_STATUS: current=19
INSTRUMENTATION_STATUS: id=AndroidJUnitRunner
INSTRUMENTATION_STATUS: numtests=68
INSTRUMENTATION_STATUS: stream=
INSTRUMENTATION_STATUS: test=consumedDateSurvivesEditAndRejectsReserveAndClaim
INSTRUMENTATION_STATUS_CODE: 1
INSTRUMENTATION_STATUS: class=com.lumostech.autoclick.ScheduleEditIntegrationTest
INSTRUMENTATION_STATUS: current=19
INSTRUMENTATION_STATUS: id=AndroidJUnitRunner
INSTRUMENTATION_STATUS: numtests=68
INSTRUMENTATION_STATUS: stream=.
INSTRUMENTATION_STATUS: test=consumedDateSurvivesEditAndRejectsReserveAndClaim
INSTRUMENTATION_STATUS_CODE: 0
INSTRUMENTATION_STATUS: class=com.lumostech.autoclick.ScheduleEditIntegrationTest
INSTRUMENTATION_STATUS: current=20
INSTRUMENTATION_STATUS: id=AndroidJUnitRunner
INSTRUMENTATION_STATUS: numtests=68
INSTRUMENTATION_STATUS: stream=
INSTRUMENTATION_STATUS: test=competingEditLeaseRejectsWithoutWriting
INSTRUMENTATION_STATUS_CODE: 1
INSTRUMENTATION_STATUS: class=com.lumostech.autoclick.ScheduleEditIntegrationTest
INSTRUMENTATION_STATUS: current=20
INSTRUMENTATION_STATUS: id=AndroidJUnitRunner
INSTRUMENTATION_STATUS: numtests=68
INSTRUMENTATION_STATUS: stream=.
INSTRUMENTATION_STATUS: test=competingEditLeaseRejectsWithoutWriting
INSTRUMENTATION_STATUS_CODE: 0
INSTRUMENTATION_STATUS: class=com.lumostech.autoclick.ScheduleEditIntegrationTest
INSTRUMENTATION_STATUS: current=21
INSTRUMENTATION_STATUS: id=AndroidJUnitRunner
INSTRUMENTATION_STATUS: numtests=68
INSTRUMENTATION_STATUS: stream=
INSTRUMENTATION_STATUS: test=disabledEditNeedsNoExactPermissionAndNeverEnables
INSTRUMENTATION_STATUS_CODE: 1
INSTRUMENTATION_STATUS: class=com.lumostech.autoclick.ScheduleEditIntegrationTest
INSTRUMENTATION_STATUS: current=21
INSTRUMENTATION_STATUS: id=AndroidJUnitRunner
INSTRUMENTATION_STATUS: numtests=68
INSTRUMENTATION_STATUS: stream=.
INSTRUMENTATION_STATUS: test=disabledEditNeedsNoExactPermissionAndNeverEnables
INSTRUMENTATION_STATUS_CODE: 0
INSTRUMENTATION_STATUS: class=com.lumostech.autoclick.ScheduleEditIntegrationTest
INSTRUMENTATION_STATUS: current=22
INSTRUMENTATION_STATUS: id=AndroidJUnitRunner
INSTRUMENTATION_STATUS: numtests=68
INSTRUMENTATION_STATUS: stream=
INSTRUMENTATION_STATUS: test=serviceLostDuringRegistrationDisablesAndCancels
INSTRUMENTATION_STATUS_CODE: 1
INSTRUMENTATION_STATUS: class=com.lumostech.autoclick.ScheduleEditIntegrationTest
INSTRUMENTATION_STATUS: current=22
INSTRUMENTATION_STATUS: id=AndroidJUnitRunner
INSTRUMENTATION_STATUS: numtests=68
INSTRUMENTATION_STATUS: stream=.
INSTRUMENTATION_STATUS: test=serviceLostDuringRegistrationDisablesAndCancels
INSTRUMENTATION_STATUS_CODE: 0
INSTRUMENTATION_STATUS: class=com.lumostech.autoclick.ScheduleEditIntegrationTest
INSTRUMENTATION_STATUS: current=23
INSTRUMENTATION_STATUS: id=AndroidJUnitRunner
INSTRUMENTATION_STATUS: numtests=68
INSTRUMENTATION_STATUS: stream=
INSTRUMENTATION_STATUS: test=timeZoneMarkerIsRetainedByEdit
INSTRUMENTATION_STATUS_CODE: 1
INSTRUMENTATION_STATUS: class=com.lumostech.autoclick.ScheduleEditIntegrationTest
INSTRUMENTATION_STATUS: current=23
INSTRUMENTATION_STATUS: id=AndroidJUnitRunner
INSTRUMENTATION_STATUS: numtests=68
INSTRUMENTATION_STATUS: stream=.
INSTRUMENTATION_STATUS: test=timeZoneMarkerIsRetainedByEdit
INSTRUMENTATION_STATUS_CODE: 0
INSTRUMENTATION_STATUS: class=com.lumostech.autoclick.ScheduleEditIntegrationTest
INSTRUMENTATION_STATUS: current=24
INSTRUMENTATION_STATUS: id=AndroidJUnitRunner
INSTRUMENTATION_STATUS: numtests=68
INSTRUMENTATION_STATUS: stream=
INSTRUMENTATION_STATUS: test=failedCommitDoesNotAdvertiseSuccessOrSchedule
INSTRUMENTATION_STATUS_CODE: 1
INSTRUMENTATION_STATUS: class=com.lumostech.autoclick.ScheduleEditIntegrationTest
INSTRUMENTATION_STATUS: current=24
INSTRUMENTATION_STATUS: id=AndroidJUnitRunner
INSTRUMENTATION_STATUS: numtests=68
INSTRUMENTATION_STATUS: stream=.
INSTRUMENTATION_STATUS: test=failedCommitDoesNotAdvertiseSuccessOrSchedule
INSTRUMENTATION_STATUS_CODE: 0
INSTRUMENTATION_STATUS: class=com.lumostech.autoclick.ScheduleEditIntegrationTest
INSTRUMENTATION_STATUS: current=25
INSTRUMENTATION_STATUS: id=AndroidJUnitRunner
INSTRUMENTATION_STATUS: numtests=68
INSTRUMENTATION_STATUS: stream=
INSTRUMENTATION_STATUS: test=emergencyStopDuringEditCannotBeUndone
INSTRUMENTATION_STATUS_CODE: 1
INSTRUMENTATION_STATUS: class=com.lumostech.autoclick.ScheduleEditIntegrationTest
INSTRUMENTATION_STATUS: current=25
INSTRUMENTATION_STATUS: id=AndroidJUnitRunner
INSTRUMENTATION_STATUS: numtests=68
INSTRUMENTATION_STATUS: stream=.
INSTRUMENTATION_STATUS: test=emergencyStopDuringEditCannotBeUndone
INSTRUMENTATION_STATUS_CODE: 0
INSTRUMENTATION_STATUS: class=com.lumostech.autoclick.ScheduleEditIntegrationTest
INSTRUMENTATION_STATUS: current=26
INSTRUMENTATION_STATUS: id=AndroidJUnitRunner
INSTRUMENTATION_STATUS: numtests=68
INSTRUMENTATION_STATUS: stream=
INSTRUMENTATION_STATUS: test=disconnectedServiceRejectsBeforeWriting
INSTRUMENTATION_STATUS_CODE: 1
INSTRUMENTATION_STATUS: class=com.lumostech.autoclick.ScheduleEditIntegrationTest
INSTRUMENTATION_STATUS: current=26
INSTRUMENTATION_STATUS: id=AndroidJUnitRunner
INSTRUMENTATION_STATUS: numtests=68
INSTRUMENTATION_STATUS: stream=.
INSTRUMENTATION_STATUS: test=disconnectedServiceRejectsBeforeWriting
INSTRUMENTATION_STATUS_CODE: 0
INSTRUMENTATION_STATUS: class=com.lumostech.autoclick.ScheduleEditIntegrationTest
INSTRUMENTATION_STATUS: current=27
INSTRUMENTATION_STATUS: id=AndroidJUnitRunner
INSTRUMENTATION_STATUS: numtests=68
INSTRUMENTATION_STATUS: stream=
INSTRUMENTATION_STATUS: test=alarmSnapshotRejectsMismatchedIdentityBeforeWriting
INSTRUMENTATION_STATUS_CODE: 1
INSTRUMENTATION_STATUS: class=com.lumostech.autoclick.ScheduleEditIntegrationTest
INSTRUMENTATION_STATUS: current=27
INSTRUMENTATION_STATUS: id=AndroidJUnitRunner
INSTRUMENTATION_STATUS: numtests=68
INSTRUMENTATION_STATUS: stream=.
INSTRUMENTATION_STATUS: test=alarmSnapshotRejectsMismatchedIdentityBeforeWriting
INSTRUMENTATION_STATUS_CODE: 0
INSTRUMENTATION_STATUS: class=com.lumostech.autoclick.ScheduleEditIntegrationTest
INSTRUMENTATION_STATUS: current=28
INSTRUMENTATION_STATUS: id=AndroidJUnitRunner
INSTRUMENTATION_STATUS: numtests=68
INSTRUMENTATION_STATUS: stream=
INSTRUMENTATION_STATUS: test=preparingAndClaimedOccurrencesRejectEditing
INSTRUMENTATION_STATUS_CODE: 1
INSTRUMENTATION_STATUS: class=com.lumostech.autoclick.ScheduleEditIntegrationTest
INSTRUMENTATION_STATUS: current=28
INSTRUMENTATION_STATUS: id=AndroidJUnitRunner
INSTRUMENTATION_STATUS: numtests=68
INSTRUMENTATION_STATUS: stream=.
INSTRUMENTATION_STATUS: test=preparingAndClaimedOccurrencesRejectEditing
INSTRUMENTATION_STATUS_CODE: 0
INSTRUMENTATION_STATUS: class=com.lumostech.autoclick.ScheduleEditIntegrationTest
INSTRUMENTATION_STATUS: current=29
INSTRUMENTATION_STATUS: id=AndroidJUnitRunner
INSTRUMENTATION_STATUS: numtests=68
INSTRUMENTATION_STATUS: stream=
INSTRUMENTATION_STATUS: test=skippedEventAllowsExplicitFutureEditOnSameDate
INSTRUMENTATION_STATUS_CODE: 1
INSTRUMENTATION_STATUS: class=com.lumostech.autoclick.ScheduleEditIntegrationTest
INSTRUMENTATION_STATUS: current=29
INSTRUMENTATION_STATUS: id=AndroidJUnitRunner
INSTRUMENTATION_STATUS: numtests=68
INSTRUMENTATION_STATUS: stream=.
INSTRUMENTATION_STATUS: test=skippedEventAllowsExplicitFutureEditOnSameDate
INSTRUMENTATION_STATUS_CODE: 0
INSTRUMENTATION_STATUS: class=com.lumostech.autoclick.ScheduleEditIntegrationTest
INSTRUMENTATION_STATUS: current=30
INSTRUMENTATION_STATUS: id=AndroidJUnitRunner
INSTRUMENTATION_STATUS: numtests=68
INSTRUMENTATION_STATUS: stream=
INSTRUMENTATION_STATUS: test=missingPermissionKeepsConfigurationAndRequiresExplicitEnable
INSTRUMENTATION_STATUS_CODE: 1
INSTRUMENTATION_STATUS: class=com.lumostech.autoclick.ScheduleEditIntegrationTest
INSTRUMENTATION_STATUS: current=30
INSTRUMENTATION_STATUS: id=AndroidJUnitRunner
INSTRUMENTATION_STATUS: numtests=68
INSTRUMENTATION_STATUS: stream=.
INSTRUMENTATION_STATUS: test=missingPermissionKeepsConfigurationAndRequiresExplicitEnable
INSTRUMENTATION_STATUS_CODE: 0
INSTRUMENTATION_STATUS: class=com.lumostech.autoclick.ScheduleEditIntegrationTest
INSTRUMENTATION_STATUS: current=31
INSTRUMENTATION_STATUS: id=AndroidJUnitRunner
INSTRUMENTATION_STATUS: numtests=68
INSTRUMENTATION_STATUS: stream=
INSTRUMENTATION_STATUS: test=enabledEditCancelsOldEventAndAtomicallyChangesAlarmIdentity
INSTRUMENTATION_STATUS_CODE: 1
INSTRUMENTATION_STATUS: class=com.lumostech.autoclick.ScheduleEditIntegrationTest
INSTRUMENTATION_STATUS: current=31
INSTRUMENTATION_STATUS: id=AndroidJUnitRunner
INSTRUMENTATION_STATUS: numtests=68
INSTRUMENTATION_STATUS: stream=.
INSTRUMENTATION_STATUS: test=enabledEditCancelsOldEventAndAtomicallyChangesAlarmIdentity
INSTRUMENTATION_STATUS_CODE: 0
INSTRUMENTATION_STATUS: class=com.lumostech.autoclick.ScheduleEditIntegrationTest
INSTRUMENTATION_STATUS: current=32
INSTRUMENTATION_STATUS: id=AndroidJUnitRunner
INSTRUMENTATION_STATUS: numtests=68
INSTRUMENTATION_STATUS: stream=
INSTRUMENTATION_STATUS: test=unchangedAndStaleEditsDoNotSchedule
INSTRUMENTATION_STATUS_CODE: 1
INSTRUMENTATION_STATUS: class=com.lumostech.autoclick.ScheduleEditIntegrationTest
INSTRUMENTATION_STATUS: current=32
INSTRUMENTATION_STATUS: id=AndroidJUnitRunner
INSTRUMENTATION_STATUS: numtests=68
INSTRUMENTATION_STATUS: stream=.
INSTRUMENTATION_STATUS: test=unchangedAndStaleEditsDoNotSchedule
INSTRUMENTATION_STATUS_CODE: 0
INSTRUMENTATION_STATUS: class=com.lumostech.autoclick.ScheduleEditIntegrationTest
INSTRUMENTATION_STATUS: current=33
INSTRUMENTATION_STATUS: id=AndroidJUnitRunner
INSTRUMENTATION_STATUS: numtests=68
INSTRUMENTATION_STATUS: stream=
INSTRUMENTATION_STATUS: test=permissionLostDuringRegistrationHasExplicitResult
INSTRUMENTATION_STATUS_CODE: 1
INSTRUMENTATION_STATUS: class=com.lumostech.autoclick.ScheduleEditIntegrationTest
INSTRUMENTATION_STATUS: current=33
INSTRUMENTATION_STATUS: id=AndroidJUnitRunner
INSTRUMENTATION_STATUS: numtests=68
INSTRUMENTATION_STATUS: stream=.
INSTRUMENTATION_STATUS: test=permissionLostDuringRegistrationHasExplicitResult
INSTRUMENTATION_STATUS_CODE: 0
INSTRUMENTATION_STATUS: class=com.lumostech.autoclick.ScheduleEditIntegrationTest
INSTRUMENTATION_STATUS: current=34
INSTRUMENTATION_STATUS: id=AndroidJUnitRunner
INSTRUMENTATION_STATUS: numtests=68
INSTRUMENTATION_STATUS: stream=
INSTRUMENTATION_STATUS: test=readinessLostImmediatelyBeforeWriteRejectsWithoutChangingTask
INSTRUMENTATION_STATUS_CODE: 1
INSTRUMENTATION_STATUS: class=com.lumostech.autoclick.ScheduleEditIntegrationTest
INSTRUMENTATION_STATUS: current=34
INSTRUMENTATION_STATUS: id=AndroidJUnitRunner
INSTRUMENTATION_STATUS: numtests=68
INSTRUMENTATION_STATUS: stream=.
INSTRUMENTATION_STATUS: test=readinessLostImmediatelyBeforeWriteRejectsWithoutChangingTask
INSTRUMENTATION_STATUS_CODE: 0
INSTRUMENTATION_STATUS: class=com.lumostech.autoclick.ScheduleEditIntegrationTest
INSTRUMENTATION_STATUS: current=35
INSTRUMENTATION_STATUS: id=AndroidJUnitRunner
INSTRUMENTATION_STATUS: numtests=68
INSTRUMENTATION_STATUS: stream=
INSTRUMENTATION_STATUS: test=explicitEnableAfterEditStillSkipsConsumedDate
INSTRUMENTATION_STATUS_CODE: 1
INSTRUMENTATION_STATUS: class=com.lumostech.autoclick.ScheduleEditIntegrationTest
INSTRUMENTATION_STATUS: current=35
INSTRUMENTATION_STATUS: id=AndroidJUnitRunner
INSTRUMENTATION_STATUS: numtests=68
INSTRUMENTATION_STATUS: stream=.
INSTRUMENTATION_STATUS: test=explicitEnableAfterEditStillSkipsConsumedDate
INSTRUMENTATION_STATUS_CODE: 0
INSTRUMENTATION_STATUS: class=com.lumostech.autoclick.ScheduleEditIntegrationTest
INSTRUMENTATION_STATUS: current=36
INSTRUMENTATION_STATUS: id=AndroidJUnitRunner
INSTRUMENTATION_STATUS: numtests=68
INSTRUMENTATION_STATUS: stream=
INSTRUMENTATION_STATUS: test=stopBeforeEditLeaseCannotBeReopenedByEdit
INSTRUMENTATION_STATUS_CODE: 1
INSTRUMENTATION_STATUS: class=com.lumostech.autoclick.ScheduleEditIntegrationTest
INSTRUMENTATION_STATUS: current=36
INSTRUMENTATION_STATUS: id=AndroidJUnitRunner
INSTRUMENTATION_STATUS: numtests=68
INSTRUMENTATION_STATUS: stream=.
INSTRUMENTATION_STATUS: test=stopBeforeEditLeaseCannotBeReopenedByEdit
INSTRUMENTATION_STATUS_CODE: 0
INSTRUMENTATION_STATUS: class=com.lumostech.autoclick.ScheduleEditIntegrationTest
INSTRUMENTATION_STATUS: current=37
INSTRUMENTATION_STATUS: id=AndroidJUnitRunner
INSTRUMENTATION_STATUS: numtests=68
INSTRUMENTATION_STATUS: stream=
INSTRUMENTATION_STATUS: test=cancellationStillDisablesAndCancels
INSTRUMENTATION_STATUS_CODE: 1
INSTRUMENTATION_STATUS: class=com.lumostech.autoclick.ScheduleEditIntegrationTest
INSTRUMENTATION_STATUS: current=37
INSTRUMENTATION_STATUS: id=AndroidJUnitRunner
INSTRUMENTATION_STATUS: numtests=68
INSTRUMENTATION_STATUS: stream=.
INSTRUMENTATION_STATUS: test=cancellationStillDisablesAndCancels
INSTRUMENTATION_STATUS_CODE: 0
INSTRUMENTATION_STATUS: class=com.lumostech.autoclick.ScheduleEditIntegrationTest
INSTRUMENTATION_STATUS: current=38
INSTRUMENTATION_STATUS: id=AndroidJUnitRunner
INSTRUMENTATION_STATUS: numtests=68
INSTRUMENTATION_STATUS: stream=
INSTRUMENTATION_STATUS: test=platformFailureKeepsHistoryAndDisables
INSTRUMENTATION_STATUS_CODE: 1
INSTRUMENTATION_STATUS: class=com.lumostech.autoclick.ScheduleEditIntegrationTest
INSTRUMENTATION_STATUS: current=38
INSTRUMENTATION_STATUS: id=AndroidJUnitRunner
INSTRUMENTATION_STATUS: numtests=68
INSTRUMENTATION_STATUS: stream=.
INSTRUMENTATION_STATUS: test=platformFailureKeepsHistoryAndDisables
INSTRUMENTATION_STATUS_CODE: 0
INSTRUMENTATION_STATUS: class=com.lumostech.autoclick.EditScheduleUiTest
INSTRUMENTATION_STATUS: current=39
INSTRUMENTATION_STATUS: id=AndroidJUnitRunner
INSTRUMENTATION_STATUS: numtests=68
INSTRUMENTATION_STATUS: stream=
com.lumostech.autoclick.EditScheduleUiTest:
INSTRUMENTATION_STATUS: test=rotationKeepsDraftAndLargeFontAndLandscapeRemainUsable
INSTRUMENTATION_STATUS_CODE: 1
INSTRUMENTATION_STATUS: class=com.lumostech.autoclick.EditScheduleUiTest
INSTRUMENTATION_STATUS: current=39
INSTRUMENTATION_STATUS: id=AndroidJUnitRunner
INSTRUMENTATION_STATUS: numtests=68
INSTRUMENTATION_STATUS: stream=.
INSTRUMENTATION_STATUS: test=rotationKeepsDraftAndLargeFontAndLandscapeRemainUsable
INSTRUMENTATION_STATUS_CODE: 0
INSTRUMENTATION_STATUS: class=com.lumostech.autoclick.EditScheduleUiTest
INSTRUMENTATION_STATUS: current=40
INSTRUMENTATION_STATUS: id=AndroidJUnitRunner
INSTRUMENTATION_STATUS: numtests=68
INSTRUMENTATION_STATUS: stream=
INSTRUMENTATION_STATUS: test=savesTimeAndWeekdaysWithoutEnablingOrReplacingRecording
INSTRUMENTATION_STATUS_CODE: 1
INSTRUMENTATION_STATUS: class=com.lumostech.autoclick.EditScheduleUiTest
INSTRUMENTATION_STATUS: current=40
INSTRUMENTATION_STATUS: id=AndroidJUnitRunner
INSTRUMENTATION_STATUS: numtests=68
INSTRUMENTATION_STATUS: stream=.
INSTRUMENTATION_STATUS: test=savesTimeAndWeekdaysWithoutEnablingOrReplacingRecording
INSTRUMENTATION_STATUS_CODE: 0
INSTRUMENTATION_STATUS: class=com.lumostech.autoclick.EditScheduleUiTest
INSTRUMENTATION_STATUS: current=41
INSTRUMENTATION_STATUS: id=AndroidJUnitRunner
INSTRUMENTATION_STATUS: numtests=68
INSTRUMENTATION_STATUS: stream=
INSTRUMENTATION_STATUS: test=replacedTaskAndLostServiceCloseUnsubmittedEditor
INSTRUMENTATION_STATUS_CODE: 1
INSTRUMENTATION_STATUS: class=com.lumostech.autoclick.EditScheduleUiTest
INSTRUMENTATION_STATUS: current=41
INSTRUMENTATION_STATUS: id=AndroidJUnitRunner
INSTRUMENTATION_STATUS: numtests=68
INSTRUMENTATION_STATUS: stream=.
INSTRUMENTATION_STATUS: test=replacedTaskAndLostServiceCloseUnsubmittedEditor
INSTRUMENTATION_STATUS_CODE: 0
INSTRUMENTATION_STATUS: class=com.lumostech.autoclick.EditScheduleUiTest
INSTRUMENTATION_STATUS: current=42
INSTRUMENTATION_STATUS: id=AndroidJUnitRunner
INSTRUMENTATION_STATUS: numtests=68
INSTRUMENTATION_STATUS: stream=
INSTRUMENTATION_STATUS: test=emptyWeekdaysAndInvalidTimeCannotBeSaved
INSTRUMENTATION_STATUS_CODE: 1
INSTRUMENTATION_STATUS: class=com.lumostech.autoclick.EditScheduleUiTest
INSTRUMENTATION_STATUS: current=42
INSTRUMENTATION_STATUS: id=AndroidJUnitRunner
INSTRUMENTATION_STATUS: numtests=68
INSTRUMENTATION_STATUS: stream=.
INSTRUMENTATION_STATUS: test=emptyWeekdaysAndInvalidTimeCannotBeSaved
INSTRUMENTATION_STATUS_CODE: 0
INSTRUMENTATION_STATUS: class=com.lumostech.autoclick.EditScheduleUiTest
INSTRUMENTATION_STATUS: current=43
INSTRUMENTATION_STATUS: id=AndroidJUnitRunner
INSTRUMENTATION_STATUS: numtests=68
INSTRUMENTATION_STATUS: stream=
INSTRUMENTATION_STATUS: test=editedEnabledScheduleClicksOnceAndConsumedDateStaysBlocked
INSTRUMENTATION_STATUS_CODE: 1
INSTRUMENTATION_STATUS: class=com.lumostech.autoclick.EditScheduleUiTest
INSTRUMENTATION_STATUS: current=43
INSTRUMENTATION_STATUS: id=AndroidJUnitRunner
INSTRUMENTATION_STATUS: numtests=68
INSTRUMENTATION_STATUS: stream=.
INSTRUMENTATION_STATUS: test=editedEnabledScheduleClicksOnceAndConsumedDateStaysBlocked
INSTRUMENTATION_STATUS_CODE: 0
INSTRUMENTATION_STATUS: class=com.lumostech.autoclick.EditScheduleUiTest
INSTRUMENTATION_STATUS: current=44
INSTRUMENTATION_STATUS: id=AndroidJUnitRunner
INSTRUMENTATION_STATUS: numtests=68
INSTRUMENTATION_STATUS: stream=
INSTRUMENTATION_STATUS: test=prefilledValuesAndCancelLeaveTaskAndDraftUntouched
INSTRUMENTATION_STATUS_CODE: 1
INSTRUMENTATION_STATUS: class=com.lumostech.autoclick.EditScheduleUiTest
INSTRUMENTATION_STATUS: current=44
INSTRUMENTATION_STATUS: id=AndroidJUnitRunner
INSTRUMENTATION_STATUS: numtests=68
INSTRUMENTATION_STATUS: stream=.
INSTRUMENTATION_STATUS: test=prefilledValuesAndCancelLeaveTaskAndDraftUntouched
INSTRUMENTATION_STATUS_CODE: 0
INSTRUMENTATION_STATUS: class=com.lumostech.autoclick.EditScheduleUiTest
INSTRUMENTATION_STATUS: current=45
INSTRUMENTATION_STATUS: id=AndroidJUnitRunner
INSTRUMENTATION_STATUS: numtests=68
INSTRUMENTATION_STATUS: stream=
INSTRUMENTATION_STATUS: test=rotatingDuringSaveRetainsOneOperationAndDisablesDuplicateSave
INSTRUMENTATION_STATUS_CODE: 1
INSTRUMENTATION_STATUS: class=com.lumostech.autoclick.EditScheduleUiTest
INSTRUMENTATION_STATUS: current=45
INSTRUMENTATION_STATUS: id=AndroidJUnitRunner
INSTRUMENTATION_STATUS: numtests=68
INSTRUMENTATION_STATUS: stream=.
INSTRUMENTATION_STATUS: test=rotatingDuringSaveRetainsOneOperationAndDisablesDuplicateSave
INSTRUMENTATION_STATUS_CODE: 0
INSTRUMENTATION_STATUS: class=com.lumostech.autoclick.ClickTaskStatusUiTest
INSTRUMENTATION_STATUS: current=46
INSTRUMENTATION_STATUS: id=AndroidJUnitRunner
INSTRUMENTATION_STATUS: numtests=68
INSTRUMENTATION_STATUS: stream=
com.lumostech.autoclick.ClickTaskStatusUiTest:
INSTRUMENTATION_STATUS: test=largeFontAndLandscapeKeepTaskActionsReachable
INSTRUMENTATION_STATUS_CODE: 1
INSTRUMENTATION_STATUS: class=com.lumostech.autoclick.ClickTaskStatusUiTest
INSTRUMENTATION_STATUS: current=46
INSTRUMENTATION_STATUS: id=AndroidJUnitRunner
INSTRUMENTATION_STATUS: numtests=68
INSTRUMENTATION_STATUS: stream=.
INSTRUMENTATION_STATUS: test=largeFontAndLandscapeKeepTaskActionsReachable
INSTRUMENTATION_STATUS_CODE: 0
INSTRUMENTATION_STATUS: class=com.lumostech.autoclick.ClickTaskStatusUiTest
INSTRUMENTATION_STATUS: current=47
INSTRUMENTATION_STATUS: id=AndroidJUnitRunner
INSTRUMENTATION_STATUS: numtests=68
INSTRUMENTATION_STATUS: stream=
INSTRUMENTATION_STATUS: test=recoveryExplanationDoesNotClearTaskOrDraft
INSTRUMENTATION_STATUS_CODE: 1
INSTRUMENTATION_STATUS: class=com.lumostech.autoclick.ClickTaskStatusUiTest
INSTRUMENTATION_STATUS: current=47
INSTRUMENTATION_STATUS: id=AndroidJUnitRunner
INSTRUMENTATION_STATUS: numtests=68
INSTRUMENTATION_STATUS: stream=.
INSTRUMENTATION_STATUS: test=recoveryExplanationDoesNotClearTaskOrDraft
INSTRUMENTATION_STATUS_CODE: 0
INSTRUMENTATION_STATUS: class=com.lumostech.autoclick.ClickTaskStatusUiTest
INSTRUMENTATION_STATUS: current=48
INSTRUMENTATION_STATUS: id=AndroidJUnitRunner
INSTRUMENTATION_STATUS: numtests=68
INSTRUMENTATION_STATUS: stream=
INSTRUMENTATION_STATUS: test=nextPlanAndHistoricalFailureAreSeparate
INSTRUMENTATION_STATUS_CODE: 1
INSTRUMENTATION_STATUS: class=com.lumostech.autoclick.ClickTaskStatusUiTest
INSTRUMENTATION_STATUS: current=48
INSTRUMENTATION_STATUS: id=AndroidJUnitRunner
INSTRUMENTATION_STATUS: numtests=68
INSTRUMENTATION_STATUS: stream=.
INSTRUMENTATION_STATUS: test=nextPlanAndHistoricalFailureAreSeparate
INSTRUMENTATION_STATUS_CODE: 0
INSTRUMENTATION_STATUS: class=com.lumostech.autoclick.ClickTaskStatusUiTest
INSTRUMENTATION_STATUS: current=49
INSTRUMENTATION_STATUS: id=AndroidJUnitRunner
INSTRUMENTATION_STATUS: numtests=68
INSTRUMENTATION_STATUS: stream=
INSTRUMENTATION_STATUS: test=unknownHistoryDoesNotOfferGuessedRecovery
INSTRUMENTATION_STATUS_CODE: 1
INSTRUMENTATION_STATUS: class=com.lumostech.autoclick.ClickTaskStatusUiTest
INSTRUMENTATION_STATUS: current=49
INSTRUMENTATION_STATUS: id=AndroidJUnitRunner
INSTRUMENTATION_STATUS: numtests=68
INSTRUMENTATION_STATUS: stream=.
INSTRUMENTATION_STATUS: test=unknownHistoryDoesNotOfferGuessedRecovery
INSTRUMENTATION_STATUS_CODE: 0
INSTRUMENTATION_STATUS: class=com.lumostech.autoclick.ClickTaskStatusUiTest
INSTRUMENTATION_STATUS: current=50
INSTRUMENTATION_STATUS: id=AndroidJUnitRunner
INSTRUMENTATION_STATUS: numtests=68
INSTRUMENTATION_STATUS: stream=
INSTRUMENTATION_STATUS: test=claimedProgressIsNotDisplayedAsRecentResult
INSTRUMENTATION_STATUS_CODE: 1
INSTRUMENTATION_STATUS: class=com.lumostech.autoclick.ClickTaskStatusUiTest
INSTRUMENTATION_STATUS: current=50
INSTRUMENTATION_STATUS: id=AndroidJUnitRunner
INSTRUMENTATION_STATUS: numtests=68
INSTRUMENTATION_STATUS: stream=.
INSTRUMENTATION_STATUS: test=claimedProgressIsNotDisplayedAsRecentResult
INSTRUMENTATION_STATUS_CODE: 0
INSTRUMENTATION_STATUS: class=com.lumostech.autoclick.ClickTaskStatusUiTest
INSTRUMENTATION_STATUS: current=51
INSTRUMENTATION_STATUS: id=AndroidJUnitRunner
INSTRUMENTATION_STATUS: numtests=68
INSTRUMENTATION_STATUS: stream=
INSTRUMENTATION_STATUS: test=returningToForegroundRefreshesStatusAndRetainsHistory
INSTRUMENTATION_STATUS_CODE: 1
INSTRUMENTATION_STATUS: class=com.lumostech.autoclick.ClickTaskStatusUiTest
INSTRUMENTATION_STATUS: current=51
INSTRUMENTATION_STATUS: id=AndroidJUnitRunner
INSTRUMENTATION_STATUS: numtests=68
INSTRUMENTATION_STATUS: stream=.
INSTRUMENTATION_STATUS: test=returningToForegroundRefreshesStatusAndRetainsHistory
INSTRUMENTATION_STATUS_CODE: 0
INSTRUMENTATION_STATUS: class=com.lumostech.autoclick.ClickTaskStatusUiTest
INSTRUMENTATION_STATUS: current=52
INSTRUMENTATION_STATUS: id=AndroidJUnitRunner
INSTRUMENTATION_STATUS: numtests=68
INSTRUMENTATION_STATUS: stream=
INSTRUMENTATION_STATUS: test=disabledScheduleDoesNotShowWaitingTime
INSTRUMENTATION_STATUS_CODE: 1
INSTRUMENTATION_STATUS: class=com.lumostech.autoclick.ClickTaskStatusUiTest
INSTRUMENTATION_STATUS: current=52
INSTRUMENTATION_STATUS: id=AndroidJUnitRunner
INSTRUMENTATION_STATUS: numtests=68
INSTRUMENTATION_STATUS: stream=.
INSTRUMENTATION_STATUS: test=disabledScheduleDoesNotShowWaitingTime
INSTRUMENTATION_STATUS_CODE: 0
INSTRUMENTATION_STATUS: class=com.lumostech.autoclick.ExactTimingRecoveryTest
INSTRUMENTATION_STATUS: current=53
INSTRUMENTATION_STATUS: id=AndroidJUnitRunner
INSTRUMENTATION_STATUS: numtests=68
INSTRUMENTATION_STATUS: stream=
com.lumostech.autoclick.ExactTimingRecoveryTest:
INSTRUMENTATION_STATUS: test=recoveryDiscardInsideWindowClosesOccurrenceBeforeClockRollback
INSTRUMENTATION_STATUS_CODE: 1
INSTRUMENTATION_STATUS: class=com.lumostech.autoclick.ExactTimingRecoveryTest
INSTRUMENTATION_STATUS: current=53
INSTRUMENTATION_STATUS: id=AndroidJUnitRunner
INSTRUMENTATION_STATUS: numtests=68
INSTRUMENTATION_STATUS: stream=.
INSTRUMENTATION_STATUS: test=recoveryDiscardInsideWindowClosesOccurrenceBeforeClockRollback
INSTRUMENTATION_STATUS_CODE: 0
INSTRUMENTATION_STATUS: class=com.lumostech.autoclick.ExactTimingRecoveryTest
INSTRUMENTATION_STATUS: current=54
INSTRUMENTATION_STATUS: id=AndroidJUnitRunner
INSTRUMENTATION_STATUS: numtests=68
INSTRUMENTATION_STATUS: stream=
INSTRUMENTATION_STATUS: test=startupThenLateAlarmSkipsButAdvancesFutureWithoutClickClaim
INSTRUMENTATION_STATUS_CODE: 1
INSTRUMENTATION_STATUS: class=com.lumostech.autoclick.ExactTimingRecoveryTest
INSTRUMENTATION_STATUS: current=54
INSTRUMENTATION_STATUS: id=AndroidJUnitRunner
INSTRUMENTATION_STATUS: numtests=68
INSTRUMENTATION_STATUS: stream=.
INSTRUMENTATION_STATUS: test=startupThenLateAlarmSkipsButAdvancesFutureWithoutClickClaim
INSTRUMENTATION_STATUS_CODE: 0
INSTRUMENTATION_STATUS: class=com.lumostech.autoclick.ExactTimingRecoveryTest
INSTRUMENTATION_STATUS: current=55
INSTRUMENTATION_STATUS: id=AndroidJUnitRunner
INSTRUMENTATION_STATUS: numtests=68
INSTRUMENTATION_STATUS: stream=
INSTRUMENTATION_STATUS: test=cancellationWhileAcceptReturnsClosesReservedEventAndKeepsFuture
INSTRUMENTATION_STATUS_CODE: 1
INSTRUMENTATION_STATUS: class=com.lumostech.autoclick.ExactTimingRecoveryTest
INSTRUMENTATION_STATUS: current=55
INSTRUMENTATION_STATUS: id=AndroidJUnitRunner
INSTRUMENTATION_STATUS: numtests=68
INSTRUMENTATION_STATUS: stream=.
INSTRUMENTATION_STATUS: test=cancellationWhileAcceptReturnsClosesReservedEventAndKeepsFuture
INSTRUMENTATION_STATUS_CODE: 0
INSTRUMENTATION_STATUS: class=com.lumostech.autoclick.ExactTimingRecoveryTest
INSTRUMENTATION_STATUS: current=56
INSTRUMENTATION_STATUS: id=AndroidJUnitRunner
INSTRUMENTATION_STATUS: numtests=68
INSTRUMENTATION_STATUS: stream=
INSTRUMENTATION_STATUS: test=futureRegistrationFailureKeepsOwnedActiveButNeverAdvertisesArmed
INSTRUMENTATION_STATUS_CODE: 1
INSTRUMENTATION_STATUS: class=com.lumostech.autoclick.ExactTimingRecoveryTest
INSTRUMENTATION_STATUS: current=56
INSTRUMENTATION_STATUS: id=AndroidJUnitRunner
INSTRUMENTATION_STATUS: numtests=68
INSTRUMENTATION_STATUS: stream=.
INSTRUMENTATION_STATUS: test=futureRegistrationFailureKeepsOwnedActiveButNeverAdvertisesArmed
INSTRUMENTATION_STATUS_CODE: 0
INSTRUMENTATION_STATUS: class=com.lumostech.autoclick.ExactTimingRecoveryTest
INSTRUMENTATION_STATUS: current=57
INSTRUMENTATION_STATUS: id=AndroidJUnitRunner
INSTRUMENTATION_STATUS: numtests=68
INSTRUMENTATION_STATUS: stream=
INSTRUMENTATION_STATUS: test=legacyMigrationPreservesHistoryAndRequiresExplicitEnable
INSTRUMENTATION_STATUS_CODE: 1
INSTRUMENTATION_STATUS: class=com.lumostech.autoclick.ExactTimingRecoveryTest
INSTRUMENTATION_STATUS: current=57
INSTRUMENTATION_STATUS: id=AndroidJUnitRunner
INSTRUMENTATION_STATUS: numtests=68
INSTRUMENTATION_STATUS: stream=.
INSTRUMENTATION_STATUS: test=legacyMigrationPreservesHistoryAndRequiresExplicitEnable
INSTRUMENTATION_STATUS_CODE: 0
INSTRUMENTATION_STATUS: class=com.lumostech.autoclick.ExactTimingRecoveryTest
INSTRUMENTATION_STATUS: current=58
INSTRUMENTATION_STATUS: id=AndroidJUnitRunner
INSTRUMENTATION_STATUS: numtests=68
INSTRUMENTATION_STATUS: stream=
INSTRUMENTATION_STATUS: test=earlyEventKeepsOriginalFutureAndDoesNotCloseOrConsume
INSTRUMENTATION_STATUS_CODE: 1
INSTRUMENTATION_STATUS: class=com.lumostech.autoclick.ExactTimingRecoveryTest
INSTRUMENTATION_STATUS: current=58
INSTRUMENTATION_STATUS: id=AndroidJUnitRunner
INSTRUMENTATION_STATUS: numtests=68
INSTRUMENTATION_STATUS: stream=.
INSTRUMENTATION_STATUS: test=earlyEventKeepsOriginalFutureAndDoesNotCloseOrConsume
INSTRUMENTATION_STATUS_CODE: 0
INSTRUMENTATION_STATUS: class=com.lumostech.autoclick.ExactTimingRecoveryTest
INSTRUMENTATION_STATUS: current=59
INSTRUMENTATION_STATUS: id=AndroidJUnitRunner
INSTRUMENTATION_STATUS: numtests=68
INSTRUMENTATION_STATUS: stream=
INSTRUMENTATION_STATUS: test=startupBeforeBootOrUpdatePreservesConfirmedEnableIntent
INSTRUMENTATION_STATUS_CODE: 1
INSTRUMENTATION_STATUS: class=com.lumostech.autoclick.ExactTimingRecoveryTest
INSTRUMENTATION_STATUS: current=59
INSTRUMENTATION_STATUS: id=AndroidJUnitRunner
INSTRUMENTATION_STATUS: numtests=68
INSTRUMENTATION_STATUS: stream=.
INSTRUMENTATION_STATUS: test=startupBeforeBootOrUpdatePreservesConfirmedEnableIntent
INSTRUMENTATION_STATUS_CODE: 0
INSTRUMENTATION_STATUS: class=com.lumostech.autoclick.ExactTimingRecoveryTest
INSTRUMENTATION_STATUS: current=60
INSTRUMENTATION_STATUS: id=AndroidJUnitRunner
INSTRUMENTATION_STATUS: numtests=68
INSTRUMENTATION_STATUS: stream=
INSTRUMENTATION_STATUS: test=cancellationDuringFutureRegistrationClosesOwnedOccurrenceAndPropagates
INSTRUMENTATION_STATUS_CODE: 1
INSTRUMENTATION_STATUS: class=com.lumostech.autoclick.ExactTimingRecoveryTest
INSTRUMENTATION_STATUS: current=60
INSTRUMENTATION_STATUS: id=AndroidJUnitRunner
INSTRUMENTATION_STATUS: numtests=68
INSTRUMENTATION_STATUS: stream=.
INSTRUMENTATION_STATUS: test=cancellationDuringFutureRegistrationClosesOwnedOccurrenceAndPropagates
INSTRUMENTATION_STATUS_CODE: 0
INSTRUMENTATION_STATUS: class=com.lumostech.autoclick.ExactTimingRecoveryTest
INSTRUMENTATION_STATUS: current=61
INSTRUMENTATION_STATUS: id=AndroidJUnitRunner
INSTRUMENTATION_STATUS: numtests=68
INSTRUMENTATION_STATUS: stream=
INSTRUMENTATION_STATUS: test=duplicateAndStaleEventsCannotAdvanceOrOverwrite
INSTRUMENTATION_STATUS_CODE: 1
INSTRUMENTATION_STATUS: class=com.lumostech.autoclick.ExactTimingRecoveryTest
INSTRUMENTATION_STATUS: current=61
INSTRUMENTATION_STATUS: id=AndroidJUnitRunner
INSTRUMENTATION_STATUS: numtests=68
INSTRUMENTATION_STATUS: stream=.
INSTRUMENTATION_STATUS: test=duplicateAndStaleEventsCannotAdvanceOrOverwrite
INSTRUMENTATION_STATUS_CODE: 0
INSTRUMENTATION_STATUS: class=com.lumostech.autoclick.ExactTimingRecoveryTest
INSTRUMENTATION_STATUS: current=62
INSTRUMENTATION_STATUS: id=AndroidJUnitRunner
INSTRUMENTATION_STATUS: numtests=68
INSTRUMENTATION_STATUS: stream=
INSTRUMENTATION_STATUS: test=blockedControllerCannotKeepBroadcastPendingOrClaimClick
INSTRUMENTATION_STATUS_CODE: 1
INSTRUMENTATION_STATUS: class=com.lumostech.autoclick.ExactTimingRecoveryTest
INSTRUMENTATION_STATUS: current=62
INSTRUMENTATION_STATUS: id=AndroidJUnitRunner
INSTRUMENTATION_STATUS: numtests=68
INSTRUMENTATION_STATUS: stream=.
INSTRUMENTATION_STATUS: test=blockedControllerCannotKeepBroadcastPendingOrClaimClick
INSTRUMENTATION_STATUS_CODE: 0
INSTRUMENTATION_STATUS: class=com.lumostech.autoclick.ExactTimingRecoveryTest
INSTRUMENTATION_STATUS: current=63
INSTRUMENTATION_STATUS: id=AndroidJUnitRunner
INSTRUMENTATION_STATUS: numtests=68
INSTRUMENTATION_STATUS: stream=
INSTRUMENTATION_STATUS: test=timezonePausesAndClaimedCrashCannotReplay
INSTRUMENTATION_STATUS_CODE: 1
INSTRUMENTATION_STATUS: class=com.lumostech.autoclick.ExactTimingRecoveryTest
INSTRUMENTATION_STATUS: current=63
INSTRUMENTATION_STATUS: id=AndroidJUnitRunner
INSTRUMENTATION_STATUS: numtests=68
INSTRUMENTATION_STATUS: stream=.
INSTRUMENTATION_STATUS: test=timezonePausesAndClaimedCrashCannotReplay
INSTRUMENTATION_STATUS_CODE: 0
INSTRUMENTATION_STATUS: class=com.lumostech.autoclick.ExactTimingRecoveryTest
INSTRUMENTATION_STATUS: current=64
INSTRUMENTATION_STATUS: id=AndroidJUnitRunner
INSTRUMENTATION_STATUS: numtests=68
INSTRUMENTATION_STATUS: stream=
INSTRUMENTATION_STATUS: test=permissionGrantNeverArmsAndStartupNeverInventsMissingAlarm
INSTRUMENTATION_STATUS_CODE: 1
INSTRUMENTATION_STATUS: class=com.lumostech.autoclick.ExactTimingRecoveryTest
INSTRUMENTATION_STATUS: current=64
INSTRUMENTATION_STATUS: id=AndroidJUnitRunner
INSTRUMENTATION_STATUS: numtests=68
INSTRUMENTATION_STATUS: stream=.
INSTRUMENTATION_STATUS: test=permissionGrantNeverArmsAndStartupNeverInventsMissingAlarm
INSTRUMENTATION_STATUS_CODE: 0
INSTRUMENTATION_STATUS: class=com.lumostech.autoclick.ExactTimingRecoveryTest
INSTRUMENTATION_STATUS: current=65
INSTRUMENTATION_STATUS: id=AndroidJUnitRunner
INSTRUMENTATION_STATUS: numtests=68
INSTRUMENTATION_STATUS: stream=
INSTRUMENTATION_STATUS: test=concurrentAlarmAcceptanceReservesOnlyOneOwnerAndOneFuture
INSTRUMENTATION_STATUS_CODE: 1
INSTRUMENTATION_STATUS: class=com.lumostech.autoclick.ExactTimingRecoveryTest
INSTRUMENTATION_STATUS: current=65
INSTRUMENTATION_STATUS: id=AndroidJUnitRunner
INSTRUMENTATION_STATUS: numtests=68
INSTRUMENTATION_STATUS: stream=.
INSTRUMENTATION_STATUS: test=concurrentAlarmAcceptanceReservesOnlyOneOwnerAndOneFuture
INSTRUMENTATION_STATUS_CODE: 0
INSTRUMENTATION_STATUS: class=com.lumostech.autoclick.ExactTimingRecoveryTest
INSTRUMENTATION_STATUS: current=66
INSTRUMENTATION_STATUS: id=AndroidJUnitRunner
INSTRUMENTATION_STATUS: numtests=68
INSTRUMENTATION_STATUS: stream=
INSTRUMENTATION_STATUS: test=timeChangeClosesActiveWithActualReasonAndRetainsLedger
INSTRUMENTATION_STATUS_CODE: 1
INSTRUMENTATION_STATUS: class=com.lumostech.autoclick.ExactTimingRecoveryTest
INSTRUMENTATION_STATUS: current=66
INSTRUMENTATION_STATUS: id=AndroidJUnitRunner
INSTRUMENTATION_STATUS: numtests=68
INSTRUMENTATION_STATUS: stream=.
INSTRUMENTATION_STATUS: test=timeChangeClosesActiveWithActualReasonAndRetainsLedger
INSTRUMENTATION_STATUS_CODE: 0
INSTRUMENTATION_STATUS: class=com.lumostech.autoclick.ClickTrialUiTest
INSTRUMENTATION_STATUS: current=67
INSTRUMENTATION_STATUS: id=AndroidJUnitRunner
INSTRUMENTATION_STATUS: numtests=68
INSTRUMENTATION_STATUS: stream=
com.lumostech.autoclick.ClickTrialUiTest:
INSTRUMENTATION_STATUS: test=homeTrialConfirmationStartsRealProtectedTrial
INSTRUMENTATION_STATUS_CODE: 1
INSTRUMENTATION_STATUS: class=com.lumostech.autoclick.ClickTrialUiTest
INSTRUMENTATION_STATUS: current=67
INSTRUMENTATION_STATUS: id=AndroidJUnitRunner
INSTRUMENTATION_STATUS: numtests=68
INSTRUMENTATION_STATUS: stream=.
INSTRUMENTATION_STATUS: test=homeTrialConfirmationStartsRealProtectedTrial
INSTRUMENTATION_STATUS_CODE: 0
INSTRUMENTATION_STATUS: class=com.lumostech.autoclick.ClickTrialUiTest
INSTRUMENTATION_STATUS: current=68
INSTRUMENTATION_STATUS: id=AndroidJUnitRunner
INSTRUMENTATION_STATUS: numtests=68
INSTRUMENTATION_STATUS: stream=
INSTRUMENTATION_STATUS: test=homeShowsConnectionStateAndSettingsEntry
INSTRUMENTATION_STATUS_CODE: 1
INSTRUMENTATION_STATUS: class=com.lumostech.autoclick.ClickTrialUiTest
INSTRUMENTATION_STATUS: current=68
INSTRUMENTATION_STATUS: id=AndroidJUnitRunner
INSTRUMENTATION_STATUS: numtests=68
INSTRUMENTATION_STATUS: stream=.
INSTRUMENTATION_STATUS: test=homeShowsConnectionStateAndSettingsEntry
INSTRUMENTATION_STATUS_CODE: 0
INSTRUMENTATION_RESULT: stream=

Time: 236.737

OK (68 tests)


INSTRUMENTATION_CODE: -1
/sdcard/autoclick-service-status.png: 1 file pulled, 0 skipped. 23.2 MB/s (188743 bytes in 0.008s)
/sdcard/autoclick-trial-result.png: 1 file pulled, 0 skipped. 35.5 MB/s (186812 bytes in 0.005s)
/sdcard/autoclick-task-status.png: 1 file pulled, 0 skipped. 40.0 MB/s (201961 bytes in 0.005s)
/sdcard/autoclick-recovery-help.png: 1 file pulled, 0 skipped. 38.1 MB/s (233535 bytes in 0.006s)
/sdcard/autoclick-task-large-font.png: 1 file pulled, 0 skipped. 28.6 MB/s (221702 bytes in 0.007s)
/sdcard/autoclick-task-landscape.png: 1 file pulled, 0 skipped. 15.4 MB/s (120274 bytes in 0.007s)
/sdcard/autoclick-edit-normal.png: 1 file pulled, 0 skipped. 18.5 MB/s (169802 bytes in 0.009s)
/sdcard/autoclick-edit-disabled.png: 1 file pulled, 0 skipped. 15.5 MB/s (203279 bytes in 0.013s)
/sdcard/autoclick-edit-error.png: 1 file pulled, 0 skipped. 35.9 MB/s (192295 bytes in 0.005s)
/sdcard/autoclick-edit-large-font.png: 1 file pulled, 0 skipped. 39.7 MB/s (175135 bytes in 0.004s)
/sdcard/autoclick-edit-landscape.png: 1 file pulled, 0 skipped. 18.3 MB/s (94293 bytes in 0.005s)
/sdcard/autoclick-edit-result.png: 1 file pulled, 0 skipped. 7.7 MB/s (37478 bytes in 0.005s)
Performing Streamed Install
Success
APK VERIFIED: com.lumostech.autoclick sha256=06f9f5962066fcc9888903f8e0e1fee5e1207226017e8259e017089d46ab070d
RESTORED: app files, saved task and accessibility settings verified.
